Archive member included to satisfy reference by file (symbol)

C:/ST/STM32CubeIDE_1.17.0/STM32CubeIDE/plugins/com.st.stm32cube.ide.mcu.externaltools.gnu-tools-for-stm32.12.3.rel1.win32_1.1.0.202410251130/tools/bin/../lib/gcc/arm-none-eabi/12.3.1/../../../../arm-none-eabi/lib/thumb/v7e-m+fp/hard\libc_nano.a(libc_a-exit.o)
                              C:/ST/STM32CubeIDE_1.17.0/STM32CubeIDE/plugins/com.st.stm32cube.ide.mcu.externaltools.gnu-tools-for-stm32.12.3.rel1.win32_1.1.0.202410251130/tools/bin/../lib/gcc/arm-none-eabi/12.3.1/../../../../arm-none-eabi/lib/thumb/v7e-m+fp/hard/crt0.o (exit)
C:/ST/STM32CubeIDE_1.17.0/STM32CubeIDE/plugins/com.st.stm32cube.ide.mcu.externaltools.gnu-tools-for-stm32.12.3.rel1.win32_1.1.0.202410251130/tools/bin/../lib/gcc/arm-none-eabi/12.3.1/../../../../arm-none-eabi/lib/thumb/v7e-m+fp/hard\libc_nano.a(libc_a-findfp.o)
                              C:/ST/STM32CubeIDE_1.17.0/STM32CubeIDE/plugins/com.st.stm32cube.ide.mcu.externaltools.gnu-tools-for-stm32.12.3.rel1.win32_1.1.0.202410251130/tools/bin/../lib/gcc/arm-none-eabi/12.3.1/../../../../arm-none-eabi/lib/thumb/v7e-m+fp/hard\libc_nano.a(libc_a-exit.o) (__stdio_exit_handler)
C:/ST/STM32CubeIDE_1.17.0/STM32CubeIDE/plugins/com.st.stm32cube.ide.mcu.externaltools.gnu-tools-for-stm32.12.3.rel1.win32_1.1.0.202410251130/tools/bin/../lib/gcc/arm-none-eabi/12.3.1/../../../../arm-none-eabi/lib/thumb/v7e-m+fp/hard\libc_nano.a(libc_a-fwalk.o)
                              C:/ST/STM32CubeIDE_1.17.0/STM32CubeIDE/plugins/com.st.stm32cube.ide.mcu.externaltools.gnu-tools-for-stm32.12.3.rel1.win32_1.1.0.202410251130/tools/bin/../lib/gcc/arm-none-eabi/12.3.1/../../../../arm-none-eabi/lib/thumb/v7e-m+fp/hard\libc_nano.a(libc_a-findfp.o) (_fwalk_sglue)
C:/ST/STM32CubeIDE_1.17.0/STM32CubeIDE/plugins/com.st.stm32cube.ide.mcu.externaltools.gnu-tools-for-stm32.12.3.rel1.win32_1.1.0.202410251130/tools/bin/../lib/gcc/arm-none-eabi/12.3.1/../../../../arm-none-eabi/lib/thumb/v7e-m+fp/hard\libc_nano.a(libc_a-snprintf.o)
                              ./Core/Src/scope_overlay.o (snprintf)
C:/ST/STM32CubeIDE_1.17.0/STM32CubeIDE/plugins/com.st.stm32cube.ide.mcu.externaltools.gnu-tools-for-stm32.12.3.rel1.win32_1.1.0.202410251130/tools/bin/../lib/gcc/arm-none-eabi/12.3.1/../../../../arm-none-eabi/lib/thumb/v7e-m+fp/hard\libc_nano.a(libc_a-stdio.o)
                              C:/ST/STM32CubeIDE_1.17.0/STM32CubeIDE/plugins/com.st.stm32cube.ide.mcu.externaltools.gnu-tools-for-stm32.12.3.rel1.win32_1.1.0.202410251130/tools/bin/../lib/gcc/arm-none-eabi/12.3.1/../../../../arm-none-eabi/lib/thumb/v7e-m+fp/hard\libc_nano.a(libc_a-findfp.o) (__sread)
C:/ST/STM32CubeIDE_1.17.0/STM32CubeIDE/plugins/com.st.stm32cube.ide.mcu.externaltools.gnu-tools-for-stm32.12.3.rel1.win32_1.1.0.202410251130/tools/bin/../lib/gcc/arm-none-eabi/12.3.1/../../../../arm-none-eabi/lib/thumb/v7e-m+fp/hard\libc_nano.a(libc_a-memset.o)
                              C:/ST/STM32CubeIDE_1.17.0/STM32CubeIDE/plugins/com.st.stm32cube.ide.mcu.externaltools.gnu-tools-for-stm32.12.3.rel1.win32_1.1.0.202410251130/tools/bin/../lib/gcc/arm-none-eabi/12.3.1/../../../../arm-none-eabi/lib/thumb/v7e-m+fp/hard/crt0.o (memset)
C:/ST/STM32CubeIDE_1.17.0/STM32CubeIDE/plugins/com.st.stm32cube.ide.mcu.externaltools.gnu-tools-for-stm32.12.3.rel1.win32_1.1.0.202410251130/tools/bin/../lib/gcc/arm-none-eabi/12.3.1/../../../../arm-none-eabi/lib/thumb/v7e-m+fp/hard\libc_nano.a(libc_a-closer.o)
                              C:/ST/STM32CubeIDE_1.17.0/STM32CubeIDE/plugins/com.st.stm32cube.ide.mcu.externaltools.gnu-tools-for-stm32.12.3.rel1.win32_1.1.0.202410251130/tools/bin/../lib/gcc/arm-none-eabi/12.3.1/../../../../arm-none-eabi/lib/thumb/v7e-m+fp/hard\libc_nano.a(libc_a-stdio.o) (_close_r)
C:/ST/STM32CubeIDE_1.17.0/STM32CubeIDE/plugins/com.st.stm32cube.ide.mcu.externaltools.gnu-tools-for-stm32.12.3.rel1.win32_1.1.0.202410251130/tools/bin/../lib/gcc/arm-none-eabi/12.3.1/../../../../arm-none-eabi/lib/thumb/v7e-m+fp/hard\libc_nano.a(libc_a-reent.o)
                              C:/ST/STM32CubeIDE_1.17.0/STM32CubeIDE/plugins/com.st.stm32cube.ide.mcu.externaltools.gnu-tools-for-stm32.12.3.rel1.win32_1.1.0.202410251130/tools/bin/../lib/gcc/arm-none-eabi/12.3.1/../../../../arm-none-eabi/lib/thumb/v7e-m+fp/hard\libc_nano.a(libc_a-closer.o) (errno)
C:/ST/STM32CubeIDE_1.17.0/STM32CubeIDE/plugins/com.st.stm32cube.ide.mcu.externaltools.gnu-tools-for-stm32.12.3.rel1.win32_1.1.0.202410251130/tools/bin/../lib/gcc/arm-none-eabi/12.3.1/../../../../arm-none-eabi/lib/thumb/v7e-m+fp/hard\libc_nano.a(libc_a-impure.o)
                              C:/ST/STM32CubeIDE_1.17.0/STM32CubeIDE/plugins/com.st.stm32cube.ide.mcu.externaltools.gnu-tools-for-stm32.12.3.rel1.win32_1.1.0.202410251130/tools/bin/../lib/gcc/arm-none-eabi/12.3.1/../../../../arm-none-eabi/lib/thumb/v7e-m+fp/hard\libc_nano.a(libc_a-snprintf.o) (_impure_ptr)
[...]
Memory Configuration

Name             Origin             Length             Attributes
RAM              0x20000000         0x0000c000         xrw
RAM2             0x10000000         0x00004000         xrw
FLASH            0x08000000         0x00040000         xr
*default*        0x00000000         0xffffffff

Linker script and memory map

LOAD C:/ST/STM32CubeIDE_1.17.0/STM32CubeIDE/plugins/com.st.stm32cube.ide.mcu.externaltools.gnu-tools-for-stm32.12.3.rel1.win32_1.1.0.202410251130/tools/bin/../lib/gcc/arm-none-eabi/12.3.1/thumb/v7e-m+fp/hard/crti.o
LOAD C:/ST/STM32CubeIDE_1.17.0/STM32CubeIDE/plugins/com.st.stm32cube.ide.mcu.externaltools.gnu-tools-for-stm32.12.3.rel1.win32_1.1.0.202410251130/tools/bin/../lib/gcc/arm-none-eabi/12.3.1/thumb/v7e-m+fp/hard/crtbegin.o
LOAD C:/ST/STM32CubeIDE_1.17.0/STM32CubeIDE/plugins/com.st.stm32cube.ide.mcu.externaltools.gnu-tools-for-stm32.12.3.rel1.win32_1.1.0.202410251130/tools/bin/../lib/gcc/arm-none-eabi/12.3.1/../../../../arm-none-eabi/lib/thumb/v7e-m+fp/hard/crt0.o
LOAD ./Core/Src/adc_dma.o
LOAD ./Core/Src/app_scope.o
LOAD ./Core/Src/fonts.o
LOAD ./Core/Src/ili9341.o
LOAD ./Core/Src/main.o
LOAD ./Core/Src/oszi_adc.o
LOAD ./Core/Src/oszi_channels.o
LOAD ./Core/Src/scope_fps.o
LOAD ./Core/Src/scope_grid.o
LOAD ./Core/Src/scope_overlay.o
LOAD ./Core/Src/scope_ranges.o
LOAD ./Core/Src/scope_wave.o
LOAD ./Core/Src/stm32l4xx_hal_msp.o
LOAD ./Core/Src/stm32l4xx_it.o
LOAD ./Core/Src/syscalls.o
LOAD ./Core/Src/sysmem.o
LOAD ./Core/Src/system_stm32l4xx.o
LOAD ./Core/Src/tft_port.o
LOAD ./Core/Startup/startup_stm32l432kcux.o
LOAD ./Drivers/STM32L4xx_HAL_Driver/Src/stm32l4xx_hal.o
LOAD ./Drivers/STM32L4xx_HAL_Driver/Src/stm32l4xx_hal_adc.o
LOAD ./Drivers/STM32L4xx_HAL_Driver/Src/stm32l4xx_hal_adc_ex.o
LOAD ./Drivers/STM32L4xx_HAL_Driver/Src/stm32l4xx_hal_cortex.o
LOAD ./Drivers/STM32L4xx_HAL_Driver/Src/stm32l4xx_hal_dma.o
LOAD ./Drivers/STM32L4xx_HAL_Driver/Src/stm32l4xx_hal_dma_ex.o
LOAD ./Drivers/STM32L4xx_HAL_Driver/Src/stm32l4xx_hal_exti.o
LOAD ./Drivers/STM32L4xx_HAL_Driver/Src/stm32l4xx_hal_flash.o
LOAD ./Drivers/STM32L4xx_HAL_Driver/Src/stm32l4xx_hal_flash_ex.o
LOAD ./Drivers/STM32L4xx_HAL_Driver/Src/stm32l4xx_hal_flash_ramfunc.o
LOAD ./Drivers/STM32L4xx_HAL_Driver/Src/stm32l4xx_hal_gpio.o
LOAD ./Drivers/STM32L4xx_HAL_Driver/Src/stm32l4xx_hal_i2c.o
LOAD ./Drivers/STM32L4xx_HAL_Driver/Src/stm32l4xx_hal_i2c_ex.o
LOAD ./Drivers/STM32L4xx_HAL_Driver/Src/stm32l4xx_hal_pwr.o
LOAD ./Drivers/STM32L4xx_HAL_Driver/Src/stm32l4xx_hal_pwr_ex.o
LOAD ./Drivers/STM32L4xx_HAL_Driver/Src/stm32l4xx_hal_rcc.o
LOAD ./Drivers/STM32L4xx_HAL_Driver/Src/stm32l4xx_hal_rcc_ex.o
LOAD ./Drivers/STM32L4xx_HAL_Driver/Src/stm32l4xx_hal_spi.o
LOAD ./Drivers/STM32L4xx_HAL_Driver/Src/stm32l4xx_hal_spi_ex.o
LOAD ./Drivers/STM32L4xx_HAL_Driver/Src/stm32l4xx_hal_tim.o
LOAD ./Drivers/STM32L4xx_HAL_Driver/Src/stm32l4xx_hal_tim_ex.o
LOAD ./Drivers/STM32L4xx_HAL_Driver/Src/stm32l4xx_hal_uart.o
LOAD ./Drivers/STM32L4xx_HAL_Driver/Src/stm32l4xx_hal_uart_ex.o
START GROUP
LOAD C:/ST/STM32CubeIDE_1.17.0/STM32CubeIDE/plugins/com.st.stm32cube.ide.mcu.externaltools.gnu-tools-for-stm32.12.3.rel1.win32_1.1.0.202410251130/tools/bin/../lib/gcc/arm-none-eabi/12.3.1/../../../../arm-none-eabi/lib/thumb/v7e-m+fp/hard\libc_nano.a
LOAD C:/ST/STM32CubeIDE_1.17.0/STM32CubeIDE/plugins/com.st.stm32cube.ide.mcu.externaltools.gnu-tools-for-stm32.12.3.rel1.win32_1.1.0.202410251130/tools/bin/../lib/gcc/arm-none-eabi/12.3.1/../../../../arm-none-eabi/lib/thumb/v7e-m+fp/hard\libm.a
END GROUP
START GROUP
LOAD C:/ST/STM32CubeIDE_1.17.0/STM32CubeIDE/plugins/com.st.stm32cube.ide.mcu.externaltools.gnu-tools-for-stm32.12.3.rel1.win32_1.1.0.202410251130/tools/bin/../lib/gcc/arm-none-eabi/12.3.1/thumb/v7e-m+fp/hard\libgcc.a
LOAD C:/ST/STM32CubeIDE_1.17.0/STM32CubeIDE/plugins/com.st.stm32cube.ide.mcu.externaltools.gnu-tools-for-stm32.12.3.rel1.win32_1.1.0.202410251130/tools/bin/../lib/gcc/arm-none-eabi/12.3.1/../../../../arm-none-eabi/lib/thumb/v7e-m+fp/hard\libc_nano.a
END GROUP
START GROUP
LOAD C:/ST/STM32CubeIDE_1.17.0/STM32CubeIDE/plugins/com.st.stm32cube.ide.mcu.externaltools.gnu-tools-for-stm32.12.3.rel1.win32_1.1.0.202410251130/tools/bin/../lib/gcc/arm-none-eabi/12.3.1/thumb/v7e-m+fp/hard\libgcc.a
LOAD C:/ST/STM32CubeIDE_1.17.0/STM32CubeIDE/plugins/com.st.stm32cube.ide.mcu.externaltools.gnu-tools-for-stm32.12.3.rel1.win32_1.1.0.202410251130/tools/bin/../lib/gcc/arm-none-eabi/12.3.1/../../../../arm-none-eabi/lib/thumb/v7e-m+fp/hard\libc_nano.a
LOAD C:/ST/STM32CubeIDE_1.17.0/STM32CubeIDE/plugins/com.st.stm32cube.ide.mcu.externaltools.gnu-tools-for-stm32.12.3.rel1.win32_1.1.0.202410251130/tools/bin/../lib/gcc/arm-none-eabi/12.3.1/../../../../arm-none-eabi/lib/thumb/v7e-m+fp/hard\libnosys.a
END GROUP
START GROUP
LOAD C:/ST/STM32CubeIDE_1.17.0/STM32CubeIDE/plugins/com.st.stm32cube.ide.mcu.externaltools.gnu-tools-for-stm32.12.3.rel1.win32_1.1.0.202410251130/tools/bin/../lib/gcc/arm-none-eabi/12.3.1/thumb/v7e-m+fp/hard\libgcc.a
LOAD C:/ST/STM32CubeIDE_1.17.0/STM32CubeIDE/plugins/com.st.stm32cube.ide.mcu.externaltools.gnu-tools-for-stm32.12.3.rel1.win32_1.1.0.202410251130/tools/bin/../lib/gcc/arm-none-eabi/12.3.1/../../../../arm-none-eabi/lib/thumb/v7e-m+fp/hard\libc_nano.a
LOAD C:/ST/STM32CubeIDE_1.17.0/STM32CubeIDE/plugins/com.st.stm32cube.ide.mcu.externaltools.gnu-tools-for-stm32.12.3.rel1.win32_1.1.0.202410251130/tools/bin/../lib/gcc/arm-none-eabi/12.3.1/../../../../arm-none-eabi/lib/thumb/v7e-m+fp/hard\libnosys.a
END GROUP
LOAD C:/ST/STM32CubeIDE_1.17.0/STM32CubeIDE/plugins/com.st.stm32cube.ide.mcu.externaltools.gnu-tools-for-stm32.12.3.rel1.win32_1.1.0.202410251130/tools/bin/../lib/gcc/arm-none-eabi/12.3.1/thumb/v7e-m+fp/hard/crtend.o
LOAD C:/ST/STM32CubeIDE_1.17.0/STM32CubeIDE/plugins/com.st.stm32cube.ide.mcu.externaltools.gnu-tools-for-stm32.12.3.rel1.win32_1.1.0.202410251130/tools/bin/../lib/gcc/arm-none-eabi/12.3.1/thumb/v7e-m+fp/hard/crtn.o
                0x2000c000                        _estack = (ORIGIN (RAM) + LENGTH (RAM))
                0x00000200                        _Min_Heap_Size = 0x200
                0x00000400                        _Min_Stack_Size = 0x400

.isr_vector     0x08000000      0x18c
                0x08000000                        . = ALIGN (0x4)
 *(.isr_vector)
 .isr_vector    0x08000000      0x18c ./Core/Startup/startup_stm32l432kcux.o
                0x08000000                g_pfnVectors
                0x0800018c                        . = ALIGN (0x4)

.text           0x08000190     0x8118
                0x08000190                        . = ALIGN (0x4)
 *(.text)
 .text          0x08000190       0x40 C:/ST/STM32CubeIDE_1.17.0/STM32CubeIDE/plugins/com.st.stm32cube.ide.mcu.externaltools.gnu-tools-for-stm32.12.3.rel1.win32_1.1.0.202410251130/tools/bin/../lib/gcc/arm-none-eabi/12.3.1/thumb/v7e-m+fp/hard/crtbegin.o
 .text          0x080001d0       0xa0 C:/ST/STM32CubeIDE_1.17.0/STM32CubeIDE/plugins/com.st.stm32cube.ide.mcu.externaltools.gnu-tools-for-stm32.12.3.rel1.win32_1.1.0.202410251130/tools/bin/../lib/gcc/arm-none-eabi/12.3.1/../../../../arm-none-eabi/lib/thumb/v7e-m+fp/hard\libc_nano.a(libc_a-memchr.o)
                0x080001d0                memchr
 .text          0x08000270       0x30 C:/ST/STM32CubeIDE_1.17.0/STM32CubeIDE/plugins/com.st.stm32cube.ide.mcu.externaltools.gnu-tools-for-stm32.12.3.rel1.win32_1.1.0.202410251130/tools/bin/../lib/gcc/arm-none-eabi/12.3.1/thumb/v7e-m+fp/hard\libgcc.a(_aeabi_uldivmod.o)
                0x08000270                __aeabi_uldivmod
 .text          0x080002a0      0x2bc C:/ST/STM32CubeIDE_1.17.0/STM32CubeIDE/plugins/com.st.stm32cube.ide.mcu.externaltools.gnu-tools-for-stm32.12.3.rel1.win32_1.1.0.202410251130/tools/bin/../lib/gcc/arm-none-eabi/12.3.1/thumb/v7e-m+fp/hard\libgcc.a(_udivmoddi4.o)
                0x080002a0                __udivmoddi4
 .text          0x0800055c        0x4 C:/ST/STM32CubeIDE_1.17.0/STM32CubeIDE/plugins/com.st.stm32cube.ide.mcu.externaltools.gnu-tools-for-stm32.12.3.rel1.win32_1.1.0.202410251130/tools/bin/../lib/gcc/arm-none-eabi/12.3.1/thumb/v7e-m+fp/hard\libgcc.a(_dvmd_tls.o)
                0x0800055c                __aeabi_idiv0
                0x0800055c                __aeabi_ldiv0
 *(.text*)
 .text.adc_dma_init
                0x08000560        0xe ./Core/Src/adc_dma.o
                0x08000560                adc_dma_init
 *fill*         0x0800056e        0x2 
 .text.adc_dma_start
                0x08000570       0x38 ./Core/Src/adc_dma.o
                0x08000570                adc_dma_start
 .text.adc_dma_get_block
                0x080005a8       0x74 ./Core/Src/adc_dma.o
                0x080005a8                adc_dma_get_block
 .text.HAL_ADC_ConvHalfCpltCallback
                0x0800061c       0x2c ./Core/Src/adc_dma.o
                0x0800061c                HAL_ADC_ConvHalfCpltCallback
 .text.HAL_ADC_ConvCpltCallback
                0x08000648       0x2c ./Core/Src/adc_dma.o
                0x08000648                HAL_ADC_ConvCpltCallback
 .text.AppScope_Init
                0x08000674       0x48 ./Core/Src/app_scope.o
                0x08000674                AppScope_Init
 .text.AppScope_Loop
                0x080006bc       0xac ./Core/Src/app_scope.o
                0x080006bc                AppScope_Loop
 .text.ILI9341_Select
                0x08000768       0x18 ./Core/Src/ili9341.o
 .text.ILI9341_Unselect
                0x08000780       0x18 ./Core/Src/ili9341.o
                0x08000780                ILI9341_Unselect
 .text.ILI9341_Reset
                0x08000798       0x28 ./Core/Src/ili9341.o
 .text.ILI9341_WriteCommand
                0x080007c0       0x34 ./Core/Src/ili9341.o
 .text.ILI9341_WriteData
                0x080007f4       0x5c ./Core/Src/ili9341.o
 .text.ILI9341_SetAddressWindow
                0x08000850       0x90 ./Core/Src/ili9341.o
 .text.ILI9341_Init
                0x080008e0      0x25c ./Core/Src/ili9341.o
                0x080008e0                ILI9341_Init
 .text.ILI9341_DrawPixel
                0x08000b3c       0x62 ./Core/Src/ili9341.o
                0x08000b3c                ILI9341_DrawPixel
 .text.ILI9341_WriteChar
                0x08000b9e       0xe4 ./Core/Src/ili9341.o
 .text.ILI9341_WriteString
                0x08000c82       0x96 ./Core/Src/ili9341.o
                0x08000c82                ILI9341_WriteString
 .text.ILI9341_FillRectangle
                0x08000d18       0xdc ./Core/Src/ili9341.o
                0x08000d18                ILI9341_FillRectangle
 .text.ILI9341_FillScreen
                0x08000df4       0x24 ./Core/Src/ili9341.o
                0x08000df4                ILI9341_FillScreen
 .text.main     0x08000e18       0x38 ./Core/Src/main.o
                0x08000e18                main
 .text.SystemClock_Config
                0x08000e50       0xc4 ./Core/Src/main.o
                0x08000e50                SystemClock_Config
 .text.MX_ADC1_Init
                0x08000f14      0x12c ./Core/Src/main.o
 .text.MX_SPI1_Init
                0x08001040       0x7c ./Core/Src/main.o
 .text.MX_TIM1_Init
                0x080010bc      0x158 ./Core/Src/main.o
 .text.MX_USART2_UART_Init
                0x08001214       0x60 ./Core/Src/main.o
 .text.MX_DMA_Init
                0x08001274       0x3c ./Core/Src/main.o
 .text.MX_GPIO_Init
                0x080012b0       0x94 ./Core/Src/main.o
 .text.Error_Handler
                0x08001344        0xc ./Core/Src/main.o
                0x08001344                Error_Handler
 .text.OsziAdc_Init
                0x08001350       0x58 ./Core/Src/oszi_adc.o
                0x08001350                OsziAdc_Init
 .text.OsziAdc_Loop
                0x080013a8       0x46 ./Core/Src/oszi_adc.o
                0x080013a8                OsziAdc_Loop
 *fill*         0x080013ee        0x2 
 .text.adc_to_vin_mV
                0x080013f0       0x4c ./Core/Src/oszi_channels.o
 .text.adc_fullscale_frac
                0x0800143c       0x5c ./Core/Src/oszi_channels.o
 .text.select_range
                0x08001498       0x5c ./Core/Src/oszi_channels.o
 .text.pick_vdiv
                0x080014f4       0xc4 ./Core/Src/oszi_channels.o
 .text.vin_to_disp_adc
                0x080015b8       0x9c ./Core/Src/oszi_channels.o
 .text.OsziChannels_Init
                0x08001654       0x68 ./Core/Src/oszi_channels.o
                0x08001654                OsziChannels_Init
 .text.OsziChannels_OnAdcPacket
                0x080016bc      0x200 ./Core/Src/oszi_channels.o
                0x080016bc                OsziChannels_OnAdcPacket
 .text.ScopeFPS_Init
                0x080018bc       0x2c ./Core/Src/scope_fps.o
                0x080018bc                ScopeFPS_Init
 .text.ScopeFPS_FrameTick
                0x080018e8       0x4c ./Core/Src/scope_fps.o
                0x080018e8                ScopeFPS_FrameTick
 .text.ScopeFPS_Get
                0x08001934       0x18 ./Core/Src/scope_fps.o
                0x08001934                ScopeFPS_Get
 .text.scope_grid_w
                0x0800194c       0x12 ./Core/Src/scope_grid.o
 .text.scope_grid_h
                0x0800195e       0x10 ./Core/Src/scope_grid.o
 *fill*         0x0800196e        0x2 
 .text.ScopeGrid_DrawStatic
                0x08001970       0xb8 ./Core/Src/scope_grid.o
                0x08001970                ScopeGrid_DrawStatic
 .text.clear_header
                0x08001a28       0x1e ./Core/Src/scope_overlay.o
 .text.clear_footer
                0x08001a46       0x1e ./Core/Src/scope_overlay.o
 .text.ScopeOverlay_DrawStatic
                0x08001a64       0x3c ./Core/Src/scope_overlay.o
                0x08001a64                ScopeOverlay_DrawStatic
 .text.ScopeOverlay_Update
                0x08001aa0       0x88 ./Core/Src/scope_overlay.o
                0x08001aa0                ScopeOverlay_Update
 .text.scope_grid_w
                0x08001b28       0x12 ./Core/Src/scope_wave.o
 .text.scope_grid_h
                0x08001b3a       0x10 ./Core/Src/scope_wave.o
 *fill*         0x08001b4a        0x2 
 .text.map_y    0x08001b4c       0x60 ./Core/Src/scope_wave.o
 .text.restore_grid_column
                0x08001bac       0xc0 ./Core/Src/scope_wave.o
 .text.ScopeWave_Init
                0x08001c6c       0x3c ./Core/Src/scope_wave.o
                0x08001c6c                ScopeWave_Init
 .text.ScopeWave_SetChannelCfg
                0x08001ca8       0x44 ./Core/Src/scope_wave.o
                0x08001ca8                ScopeWave_SetChannelCfg
 .text.ScopeWave_Reset
                0x08001cec       0x70 ./Core/Src/scope_wave.o
                0x08001cec                ScopeWave_Reset
 .text.ScopeWave_PushSample
                0x08001d5c       0x34 ./Core/Src/scope_wave.o
                0x08001d5c                ScopeWave_PushSample
 .text.ScopeWave_RenderStep
                0x08001d90      0x128 ./Core/Src/scope_wave.o
                0x08001d90                ScopeWave_RenderStep
 .text.HAL_MspInit
                0x08001eb8       0x48 ./Core/Src/stm32l4xx_hal_msp.o
                0x08001eb8                HAL_MspInit
 .text.HAL_ADC_MspInit
                0x08001f00      0x128 ./Core/Src/stm32l4xx_hal_msp.o
                0x08001f00                HAL_ADC_MspInit
 .text.HAL_SPI_MspInit
                0x08002028       0x84 ./Core/Src/stm32l4xx_hal_msp.o
                0x08002028                HAL_SPI_MspInit
 .text.HAL_TIM_Base_MspInit
                0x080020ac       0x40 ./Core/Src/stm32l4xx_hal_msp.o
                0x080020ac                HAL_TIM_Base_MspInit
 .text.HAL_TIM_MspPostInit
                0x080020ec       0x70 ./Core/Src/stm32l4xx_hal_msp.o
                0x080020ec                HAL_TIM_MspPostInit
 .text.HAL_UART_MspInit
                0x0800215c       0xd4 ./Core/Src/stm32l4xx_hal_msp.o
                0x0800215c                HAL_UART_MspInit
 .text.NMI_Handler
                0x08002230        0x8 ./Core/Src/stm32l4xx_it.o
                0x08002230                NMI_Handler
 .text.HardFault_Handler
                0x08002238        0x8 ./Core/Src/stm32l4xx_it.o
                0x08002238                HardFault_Handler
 .text.MemManage_Handler
                0x08002240        0x8 ./Core/Src/stm32l4xx_it.o
                0x08002240                MemManage_Handler
 .text.BusFault_Handler
                0x08002248        0x8 ./Core/Src/stm32l4xx_it.o
                0x08002248                BusFault_Handler
 .text.UsageFault_Handler
                0x08002250        0x8 ./Core/Src/stm32l4xx_it.o
                0x08002250                UsageFault_Handler
 .text.SVC_Handler
                0x08002258        0xe ./Core/Src/stm32l4xx_it.o
                0x08002258                SVC_Handler
 .text.DebugMon_Handler
                0x08002266        0xe ./Core/Src/stm32l4xx_it.o
                0x08002266                DebugMon_Handler
 .text.PendSV_Handler
                0x08002274        0xe ./Core/Src/stm32l4xx_it.o
                0x08002274                PendSV_Handler
 .text.SysTick_Handler
                0x08002282        0xc ./Core/Src/stm32l4xx_it.o
                0x08002282                SysTick_Handler
 *fill*         0x0800228e        0x2 
 .text.DMA1_Channel1_IRQHandler
                0x08002290       0x14 ./Core/Src/stm32l4xx_it.o
                0x08002290                DMA1_Channel1_IRQHandler
 .text._sbrk    0x080022a4       0x6c ./Core/Src/sysmem.o
                0x080022a4                _sbrk
 .text.SystemInit
                0x08002310       0x24 ./Core/Src/system_stm32l4xx.o
                0x08002310                SystemInit
 .text.font_from_size
                0x08002334       0x58 ./Core/Src/tft_port.o
 .text.TFT_Init
                0x0800238c        0xc ./Core/Src/tft_port.o
                0x0800238c                TFT_Init
 .text.TFT_FillScreen
                0x08002398       0x1a ./Core/Src/tft_port.o
                0x08002398                TFT_FillScreen
 .text.TFT_FillRect
                0x080023b2       0x30 ./Core/Src/tft_port.o
                0x080023b2                TFT_FillRect
 .text.TFT_DrawLine
                0x080023e2       0xba ./Core/Src/tft_port.o
                0x080023e2                TFT_DrawLine
 .text.TFT_DrawString
                0x0800249c       0x42 ./Core/Src/tft_port.o
                0x0800249c                TFT_DrawString
 *fill*         0x080024de        0x2 
 .text.Reset_Handler
                0x080024e0       0x50 ./Core/Startup/startup_stm32l432kcux.o
                0x080024e0                Reset_Handler
 .text.Default_Handler
                0x08002530        0x2 ./Core/Startup/startup_stm32l432kcux.o
                0x08002530                RTC_Alarm_IRQHandler
                0x08002530                EXTI2_IRQHandler
                0x08002530                TIM1_CC_IRQHandler
                0x08002530                TSC_IRQHandler
                0x08002530                TAMP_STAMP_IRQHandler
                0x08002530                EXTI3_IRQHandler
                0x08002530                LPTIM2_IRQHandler
                0x08002530                I2C3_ER_IRQHandler
                0x08002530                EXTI0_IRQHandler
                0x08002530                CAN1_RX0_IRQHandler
                0x08002530                FPU_IRQHandler
                0x08002530                TIM1_UP_TIM16_IRQHandler
                0x08002530                SPI1_IRQHandler
                0x08002530                TIM6_DAC_IRQHandler
                0x08002530                DMA2_Channel2_IRQHandler
                0x08002530                DMA1_Channel4_IRQHandler
                0x08002530                ADC1_IRQHandler
                0x08002530                DMA1_Channel7_IRQHandler
                0x08002530                CAN1_RX1_IRQHandler
                0x08002530                DMA2_Channel1_IRQHandler
                0x08002530                QUADSPI_IRQHandler
                0x08002530                I2C1_EV_IRQHandler
                0x08002530                DMA1_Channel6_IRQHandler
                0x08002530                DMA2_Channel4_IRQHandler
                0x08002530                RCC_IRQHandler
                0x08002530                TIM1_TRG_COM_IRQHandler
                0x08002530                Default_Handler
                0x08002530                DMA2_Channel7_IRQHandler
                0x08002530                EXTI15_10_IRQHandler
                0x08002530                TIM7_IRQHandler
                0x08002530                I2C3_EV_IRQHandler
                0x08002530                USB_IRQHandler
                0x08002530                EXTI9_5_IRQHandler
                0x08002530                RTC_WKUP_IRQHandler
                0x08002530                PVD_PVM_IRQHandler
                0x08002530                CAN1_TX_IRQHandler
                0x08002530                DMA2_Channel5_IRQHandler
                0x08002530                CRS_IRQHandler
                0x08002530                DMA1_Channel5_IRQHandler
                0x08002530                EXTI4_IRQHandler
                0x08002530                RNG_IRQHandler
                0x08002530                DMA1_Channel3_IRQHandler
                0x08002530                COMP_IRQHandler
                0x08002530                WWDG_IRQHandler
                0x08002530                LPUART1_IRQHandler
                0x08002530                DMA2_Channel6_IRQHandler
                0x08002530                TIM2_IRQHandler
                0x08002530                EXTI1_IRQHandler
                0x08002530                USART2_IRQHandler
                0x08002530                DMA1_Channel2_IRQHandler
                0x08002530                CAN1_SCE_IRQHandler
                0x08002530                FLASH_IRQHandler
                0x08002530                USART1_IRQHandler
                0x08002530                SPI3_IRQHandler
                0x08002530                I2C1_ER_IRQHandler
                0x08002530                SWPMI1_IRQHandler
                0x08002530                LPTIM1_IRQHandler
                0x08002530                SAI1_IRQHandler
                0x08002530                DMA2_Channel3_IRQHandler
                0x08002530                TIM1_BRK_TIM15_IRQHandler
 .text.HAL_Init
                0x08002532       0x30 ./Drivers/STM32L4xx_HAL_Driver/Src/stm32l4xx_hal.o
                0x08002532                HAL_Init
 *fill*         0x08002562        0x2 
 .text.HAL_InitTick
                0x08002564       0x78 ./Drivers/STM32L4xx_HAL_Driver/Src/stm32l4xx_hal.o
                0x08002564                HAL_InitTick
 .text.HAL_IncTick
                0x080025dc       0x28 ./Drivers/STM32L4xx_HAL_Driver/Src/stm32l4xx_hal.o
                0x080025dc                HAL_IncTick
 .text.HAL_GetTick
                0x08002604       0x18 ./Drivers/STM32L4xx_HAL_Driver/Src/stm32l4xx_hal.o
                0x08002604                HAL_GetTick
 .text.HAL_Delay
                0x0800261c       0x48 ./Drivers/STM32L4xx_HAL_Driver/Src/stm32l4xx_hal.o
                0x0800261c                HAL_Delay
 .text.LL_ADC_SetCommonClock
                0x08002664       0x26 ./Drivers/STM32L4xx_HAL_Driver/Src/stm32l4xx_hal_adc.o
 .text.LL_ADC_SetCommonPathInternalCh
                0x0800268a       0x26 ./Drivers/STM32L4xx_HAL_Driver/Src/stm32l4xx_hal_adc.o
 .text.LL_ADC_GetCommonPathInternalCh
                0x080026b0       0x1c ./Drivers/STM32L4xx_HAL_Driver/Src/stm32l4xx_hal_adc.o
 .text.LL_ADC_SetOffset
                0x080026cc       0x48 ./Drivers/STM32L4xx_HAL_Driver/Src/stm32l4xx_hal_adc.o
 .text.LL_ADC_GetOffsetChannel
                0x08002714       0x2c ./Drivers/STM32L4xx_HAL_Driver/Src/stm32l4xx_hal_adc.o
 .text.LL_ADC_SetOffsetState
                0x08002740       0x36 ./Drivers/STM32L4xx_HAL_Driver/Src/stm32l4xx_hal_adc.o
 .text.LL_ADC_REG_IsTriggerSourceSWStart
                0x08002776       0x26 ./Drivers/STM32L4xx_HAL_Driver/Src/stm32l4xx_hal_adc.o
 .text.LL_ADC_REG_SetSequencerRanks
                0x0800279c       0x58 ./Drivers/STM32L4xx_HAL_Driver/Src/stm32l4xx_hal_adc.o
 .text.LL_ADC_SetChannelSamplingTime
                0x080027f4       0x56 ./Drivers/STM32L4xx_HAL_Driver/Src/stm32l4xx_hal_adc.o
 *fill*         0x0800284a        0x2 
 .text.LL_ADC_SetChannelSingleDiff
                0x0800284c       0x48 ./Drivers/STM32L4xx_HAL_Driver/Src/stm32l4xx_hal_adc.o
 .text.LL_ADC_DisableDeepPowerDown
                0x08002894       0x24 ./Drivers/STM32L4xx_HAL_Driver/Src/stm32l4xx_hal_adc.o
 .text.LL_ADC_IsDeepPowerDownEnabled
                0x080028b8       0x28 ./Drivers/STM32L4xx_HAL_Driver/Src/stm32l4xx_hal_adc.o
 .text.LL_ADC_EnableInternalRegulator
                0x080028e0       0x28 ./Drivers/STM32L4xx_HAL_Driver/Src/stm32l4xx_hal_adc.o
 .text.LL_ADC_IsInternalRegulatorEnabled
                0x08002908       0x28 ./Drivers/STM32L4xx_HAL_Driver/Src/stm32l4xx_hal_adc.o
 .text.LL_ADC_Enable
                0x08002930       0x28 ./Drivers/STM32L4xx_HAL_Driver/Src/stm32l4xx_hal_adc.o
 .text.LL_ADC_Disable
                0x08002958       0x28 ./Drivers/STM32L4xx_HAL_Driver/Src/stm32l4xx_hal_adc.o
 .text.LL_ADC_IsEnabled
                0x08002980       0x26 ./Drivers/STM32L4xx_HAL_Driver/Src/stm32l4xx_hal_adc.o
 .text.LL_ADC_IsDisableOngoing
                0x080029a6       0x26 ./Drivers/STM32L4xx_HAL_Driver/Src/stm32l4xx_hal_adc.o
 .text.LL_ADC_REG_StartConversion
                0x080029cc       0x28 ./Drivers/STM32L4xx_HAL_Driver/Src/stm32l4xx_hal_adc.o
 .text.LL_ADC_REG_StopConversion
                0x080029f4       0x28 ./Drivers/STM32L4xx_HAL_Driver/Src/stm32l4xx_hal_adc.o
 .text.LL_ADC_REG_IsConversionOngoing
                0x08002a1c       0x26 ./Drivers/STM32L4xx_HAL_Driver/Src/stm32l4xx_hal_adc.o
 .text.LL_ADC_INJ_StopConversion
                0x08002a42       0x28 ./Drivers/STM32L4xx_HAL_Driver/Src/stm32l4xx_hal_adc.o
 .text.LL_ADC_INJ_IsConversionOngoing
                0x08002a6a       0x26 ./Drivers/STM32L4xx_HAL_Driver/Src/stm32l4xx_hal_adc.o
 .text.HAL_ADC_Init
                0x08002a90      0x284 ./Drivers/STM32L4xx_HAL_Driver/Src/stm32l4xx_hal_adc.o
                0x08002a90                HAL_ADC_Init
 .text.HAL_ADC_Start_DMA
                0x08002d14      0x108 ./Drivers/STM32L4xx_HAL_Driver/Src/stm32l4xx_hal_adc.o
                0x08002d14                HAL_ADC_Start_DMA
 .text.HAL_ADC_Stop_DMA
                0x08002e1c       0xc2 ./Drivers/STM32L4xx_HAL_Driver/Src/stm32l4xx_hal_adc.o
                0x08002e1c                HAL_ADC_Stop_DMA
 .text.HAL_ADC_ErrorCallback
                0x08002ede       0x14 ./Drivers/STM32L4xx_HAL_Driver/Src/stm32l4xx_hal_adc.o
                0x08002ede                HAL_ADC_ErrorCallback
 *fill*         0x08002ef2        0x2 
 .text.HAL_ADC_ConfigChannel
                0x08002ef4      0x7c4 ./Drivers/STM32L4xx_HAL_Driver/Src/stm32l4xx_hal_adc.o
                0x08002ef4                HAL_ADC_ConfigChannel
 .text.ADC_ConversionStop
                0x080036b8      0x178 ./Drivers/STM32L4xx_HAL_Driver/Src/stm32l4xx_hal_adc.o
                0x080036b8                ADC_ConversionStop
 .text.ADC_Enable
                0x08003830      0x10c ./Drivers/STM32L4xx_HAL_Driver/Src/stm32l4xx_hal_adc.o
                0x08003830                ADC_Enable
 .text.ADC_Disable
                0x0800393c       0xbe ./Drivers/STM32L4xx_HAL_Driver/Src/stm32l4xx_hal_adc.o
                0x0800393c                ADC_Disable
 .text.ADC_DMAConvCplt
                0x080039fa       0xd8 ./Drivers/STM32L4xx_HAL_Driver/Src/stm32l4xx_hal_adc.o
                0x080039fa                ADC_DMAConvCplt
 .text.ADC_DMAHalfConvCplt
                0x08003ad2       0x1c ./Drivers/STM32L4xx_HAL_Driver/Src/stm32l4xx_hal_adc.o
                0x08003ad2                ADC_DMAHalfConvCplt
 .text.ADC_DMAError
                0x08003aee       0x34 ./Drivers/STM32L4xx_HAL_Driver/Src/stm32l4xx_hal_adc.o
                0x08003aee                ADC_DMAError
 .text.LL_ADC_StartCalibration
                0x08003b22       0x32 ./Drivers/STM32L4xx_HAL_Driver/Src/stm32l4xx_hal_adc_ex.o
 .text.LL_ADC_IsCalibrationOnGoing
                0x08003b54       0x28 ./Drivers/STM32L4xx_HAL_Driver/Src/stm32l4xx_hal_adc_ex.o
 .text.HAL_ADCEx_Calibration_Start
                0x08003b7c       0xc0 ./Drivers/STM32L4xx_HAL_Driver/Src/stm32l4xx_hal_adc_ex.o
                0x08003b7c                HAL_ADCEx_Calibration_Start
 .text.__NVIC_SetPriorityGrouping
                0x08003c3c       0x48 ./Drivers/STM32L4xx_HAL_Driver/Src/stm32l4xx_hal_cortex.o
 .text.__NVIC_GetPriorityGrouping
                0x08003c84       0x1c ./Drivers/STM32L4xx_HAL_Driver/Src/stm32l4xx_hal_cortex.o
 .text.__NVIC_EnableIRQ
                0x08003ca0       0x3c ./Drivers/STM32L4xx_HAL_Driver/Src/stm32l4xx_hal_cortex.o
 .text.__NVIC_SetPriority
                0x08003cdc       0x54 ./Drivers/STM32L4xx_HAL_Driver/Src/stm32l4xx_hal_cortex.o
 .text.NVIC_EncodePriority
                0x08003d30       0x66 ./Drivers/STM32L4xx_HAL_Driver/Src/stm32l4xx_hal_cortex.o
 *fill*         0x08003d96        0x2 
 .text.SysTick_Config
                0x08003d98       0x44 ./Drivers/STM32L4xx_HAL_Driver/Src/stm32l4xx_hal_cortex.o
 .text.HAL_NVIC_SetPriorityGrouping
                0x08003ddc       0x16 ./Drivers/STM32L4xx_HAL_Driver/Src/stm32l4xx_hal_cortex.o
                0x08003ddc                HAL_NVIC_SetPriorityGrouping
 .text.HAL_NVIC_SetPriority
                0x08003df2       0x38 ./Drivers/STM32L4xx_HAL_Driver/Src/stm32l4xx_hal_cortex.o
                0x08003df2                HAL_NVIC_SetPriority
 .text.HAL_NVIC_EnableIRQ
                0x08003e2a       0x1c ./Drivers/STM32L4xx_HAL_Driver/Src/stm32l4xx_hal_cortex.o
                0x08003e2a                HAL_NVIC_EnableIRQ
 .text.HAL_SYSTICK_Config
                0x08003e46       0x18 ./Drivers/STM32L4xx_HAL_Driver/Src/stm32l4xx_hal_cortex.o
                0x08003e46                HAL_SYSTICK_Config
 *fill*         0x08003e5e        0x2 
 .text.HAL_DMA_Init
                0x08003e60      0x170 ./Drivers/STM32L4xx_HAL_Driver/Src/stm32l4xx_hal_dma.o
                0x08003e60                HAL_DMA_Init
 .text.HAL_DMA_Start_IT
                0x08003fd0       0xc6 ./Drivers/STM32L4xx_HAL_Driver/Src/stm32l4xx_hal_dma.o
                0x08003fd0                HAL_DMA_Start_IT
 .text.HAL_DMA_Abort
                0x08004096       0x82 ./Drivers/STM32L4xx_HAL_Driver/Src/stm32l4xx_hal_dma.o
                0x08004096                HAL_DMA_Abort
 .text.HAL_DMA_IRQHandler
                0x08004118      0x18c ./Drivers/STM32L4xx_HAL_Driver/Src/stm32l4xx_hal_dma.o
                0x08004118                HAL_DMA_IRQHandler
 .text.DMA_SetConfig
                0x080042a4       0x60 ./Drivers/STM32L4xx_HAL_Driver/Src/stm32l4xx_hal_dma.o
 .text.HAL_GPIO_Init
                0x08004304      0x2d4 ./Drivers/STM32L4xx_HAL_Driver/Src/stm32l4xx_hal_gpio.o
                0x08004304                HAL_GPIO_Init
 .text.HAL_GPIO_WritePin
                0x080045d8       0x30 ./Drivers/STM32L4xx_HAL_Driver/Src/stm32l4xx_hal_gpio.o
                0x080045d8                HAL_GPIO_WritePin
 .text.HAL_PWR_EnableBkUpAccess
                0x08004608       0x20 ./Drivers/STM32L4xx_HAL_Driver/Src/stm32l4xx_hal_pwr.o
                0x08004608                HAL_PWR_EnableBkUpAccess
 .text.HAL_PWREx_GetVoltageRange
                0x08004628       0x1c ./Drivers/STM32L4xx_HAL_Driver/Src/stm32l4xx_hal_pwr_ex.o
                0x08004628                HAL_PWREx_GetVoltageRange
 .text.HAL_PWREx_ControlVoltageScaling
                0x08004644       0xac ./Drivers/STM32L4xx_HAL_Driver/Src/stm32l4xx_hal_pwr_ex.o
                0x08004644                HAL_PWREx_ControlVoltageScaling
 .text.HAL_RCC_OscConfig
                0x080046f0      0x828 ./Drivers/STM32L4xx_HAL_Driver/Src/stm32l4xx_hal_rcc.o
                0x080046f0                HAL_RCC_OscConfig
 .text.HAL_RCC_ClockConfig
                0x08004f18      0x200 ./Drivers/STM32L4xx_HAL_Driver/Src/stm32l4xx_hal_rcc.o
                0x08004f18                HAL_RCC_ClockConfig
 .text.HAL_RCC_GetSysClockFreq
                0x08005118      0x118 ./Drivers/STM32L4xx_HAL_Driver/Src/stm32l4xx_hal_rcc.o
                0x08005118                HAL_RCC_GetSysClockFreq
 .text.HAL_RCC_GetHCLKFreq
                0x08005230       0x18 ./Drivers/STM32L4xx_HAL_Driver/Src/stm32l4xx_hal_rcc.o
                0x08005230                HAL_RCC_GetHCLKFreq
 .text.HAL_RCC_GetPCLK1Freq
                0x08005248       0x2c ./Drivers/STM32L4xx_HAL_Driver/Src/stm32l4xx_hal_rcc.o
                0x08005248                HAL_RCC_GetPCLK1Freq
 .text.HAL_RCC_GetPCLK2Freq
                0x08005274       0x2c ./Drivers/STM32L4xx_HAL_Driver/Src/stm32l4xx_hal_rcc.o
                0x08005274                HAL_RCC_GetPCLK2Freq
 .text.RCC_SetFlashLatencyFromMSIRange
                0x080052a0       0xc0 ./Drivers/STM32L4xx_HAL_Driver/Src/stm32l4xx_hal_rcc.o
 .text.HAL_RCCEx_PeriphCLKConfig
                0x08005360      0x3ec ./Drivers/STM32L4xx_HAL_Driver/Src/stm32l4xx_hal_rcc_ex.o
                0x08005360                HAL_RCCEx_PeriphCLKConfig
 .text.HAL_RCCEx_EnableMSIPLLMode
                0x0800574c       0x20 ./Drivers/STM32L4xx_HAL_Driver/Src/stm32l4xx_hal_rcc_ex.o
                0x0800574c                HAL_RCCEx_EnableMSIPLLMode
 .text.RCCEx_PLLSAI1_Config
                0x0800576c      0x1e4 ./Drivers/STM32L4xx_HAL_Driver/Src/stm32l4xx_hal_rcc_ex.o
 .text.HAL_SPI_Init
                0x08005950      0x146 ./Drivers/STM32L4xx_HAL_Driver/Src/stm32l4xx_hal_spi.o
                0x08005950                HAL_SPI_Init
 .text.HAL_SPI_Transmit
                0x08005a96      0x2ec ./Drivers/STM32L4xx_HAL_Driver/Src/stm32l4xx_hal_spi.o
                0x08005a96                HAL_SPI_Transmit
 *fill*         0x08005d82        0x2 
 .text.SPI_WaitFlagStateUntilTimeout
                0x08005d84      0x110 ./Drivers/STM32L4xx_HAL_Driver/Src/stm32l4xx_hal_spi.o
 .text.SPI_WaitFifoStateUntilTimeout
                0x08005e94      0x12c ./Drivers/STM32L4xx_HAL_Driver/Src/stm32l4xx_hal_spi.o
 .text.SPI_EndRxTxTransaction
                0x08005fc0       0x8c ./Drivers/STM32L4xx_HAL_Driver/Src/stm32l4xx_hal_spi.o
 .text.HAL_TIM_Base_Init
                0x0800604c       0xae ./Drivers/STM32L4xx_HAL_Driver/Src/stm32l4xx_hal_tim.o
                0x0800604c                HAL_TIM_Base_Init
 *fill*         0x080060fa        0x2 
 .text.HAL_TIM_Base_Start
                0x080060fc       0x98 ./Drivers/STM32L4xx_HAL_Driver/Src/stm32l4xx_hal_tim.o
                0x080060fc                HAL_TIM_Base_Start
 .text.HAL_TIM_OC_Init
                0x08006194       0xae ./Drivers/STM32L4xx_HAL_Driver/Src/stm32l4xx_hal_tim.o
                0x08006194                HAL_TIM_OC_Init
 .text.HAL_TIM_OC_MspInit
                0x08006242       0x14 ./Drivers/STM32L4xx_HAL_Driver/Src/stm32l4xx_hal_tim.o
                0x08006242                HAL_TIM_OC_MspInit
 *fill*         0x08006256        0x2 
 .text.HAL_TIM_OC_Start
                0x08006258      0x1bc ./Drivers/STM32L4xx_HAL_Driver/Src/stm32l4xx_hal_tim.o
                0x08006258                HAL_TIM_OC_Start
 .text.HAL_TIM_OC_ConfigChannel
                0x08006414       0xf4 ./Drivers/STM32L4xx_HAL_Driver/Src/stm32l4xx_hal_tim.o
                0x08006414                HAL_TIM_OC_ConfigChannel
 .text.HAL_TIM_ConfigClockSource
                0x08006508      0x192 ./Drivers/STM32L4xx_HAL_Driver/Src/stm32l4xx_hal_tim.o
                0x08006508                HAL_TIM_ConfigClockSource
 *fill*         0x0800669a        0x2 
 .text.TIM_Base_SetConfig
                0x0800669c       0xd4 ./Drivers/STM32L4xx_HAL_Driver/Src/stm32l4xx_hal_tim.o
                0x0800669c                TIM_Base_SetConfig
 .text.TIM_OC1_SetConfig
                0x08006770       0xfc ./Drivers/STM32L4xx_HAL_Driver/Src/stm32l4xx_hal_tim.o
 .text.TIM_OC2_SetConfig
                0x0800686c       0xf8 ./Drivers/STM32L4xx_HAL_Driver/Src/stm32l4xx_hal_tim.o
                0x0800686c                TIM_OC2_SetConfig
 .text.TIM_OC3_SetConfig
                0x08006964       0xf4 ./Drivers/STM32L4xx_HAL_Driver/Src/stm32l4xx_hal_tim.o
 .text.TIM_OC4_SetConfig
                0x08006a58       0xbc ./Drivers/STM32L4xx_HAL_Driver/Src/stm32l4xx_hal_tim.o
 .text.TIM_OC5_SetConfig
                0x08006b14       0xb0 ./Drivers/STM32L4xx_HAL_Driver/Src/stm32l4xx_hal_tim.o
 .text.TIM_OC6_SetConfig
                0x08006bc4       0xb4 ./Drivers/STM32L4xx_HAL_Driver/Src/stm32l4xx_hal_tim.o
 .text.TIM_TI1_ConfigInputStage
                0x08006c78       0x90 ./Drivers/STM32L4xx_HAL_Driver/Src/stm32l4xx_hal_tim.o
 .text.TIM_TI2_ConfigInputStage
                0x08006d08       0x78 ./Drivers/STM32L4xx_HAL_Driver/Src/stm32l4xx_hal_tim.o
 .text.TIM_ITRx_SetConfig
                0x08006d80       0x36 ./Drivers/STM32L4xx_HAL_Driver/Src/stm32l4xx_hal_tim.o
 .text.TIM_ETR_SetConfig
                0x08006db6       0x40 ./Drivers/STM32L4xx_HAL_Driver/Src/stm32l4xx_hal_tim.o
                0x08006db6                TIM_ETR_SetConfig
 .text.TIM_CCxChannelCmd
                0x08006df6       0x4a ./Drivers/STM32L4xx_HAL_Driver/Src/stm32l4xx_hal_tim.o
                0x08006df6                TIM_CCxChannelCmd
 .text.HAL_TIMEx_MasterConfigSynchronization
                0x08006e40       0xcc ./Drivers/STM32L4xx_HAL_Driver/Src/stm32l4xx_hal_tim_ex.o
                0x08006e40                HAL_TIMEx_MasterConfigSynchronization
 .text.HAL_TIMEx_ConfigBreakDeadTime
                0x08006f0c       0xf0 ./Drivers/STM32L4xx_HAL_Driver/Src/stm32l4xx_hal_tim_ex.o
                0x08006f0c                HAL_TIMEx_ConfigBreakDeadTime
 .text.HAL_UART_Init
                0x08006ffc       0x9c ./Drivers/STM32L4xx_HAL_Driver/Src/stm32l4xx_hal_uart.o
                0x08006ffc                HAL_UART_Init
 .text.UART_SetConfig
                0x08007098      0x458 ./Drivers/STM32L4xx_HAL_Driver/Src/stm32l4xx_hal_uart.o
                0x08007098                UART_SetConfig
 .text.UART_AdvFeatureConfig
                0x080074f0      0x144 ./Drivers/STM32L4xx_HAL_Driver/Src/stm32l4xx_hal_uart.o
                0x080074f0                UART_AdvFeatureConfig
 .text.UART_CheckIdleState
                0x08007634      0x150 ./Drivers/STM32L4xx_HAL_Driver/Src/stm32l4xx_hal_uart.o
                0x08007634                UART_CheckIdleState
 .text.UART_WaitOnFlagUntilTimeout
                0x08007784       0xda ./Drivers/STM32L4xx_HAL_Driver/Src/stm32l4xx_hal_uart.o
                0x08007784                UART_WaitOnFlagUntilTimeout
 .text.UART_EndRxTransfer
                0x0800785e       0xc8 ./Drivers/STM32L4xx_HAL_Driver/Src/stm32l4xx_hal_uart.o
 *fill*         0x08007926        0x2 
 .text.snprintf
                0x08007928       0x68 C:/ST/STM32CubeIDE_1.17.0/STM32CubeIDE/plugins/com.st.stm32cube.ide.mcu.externaltools.gnu-tools-for-stm32.12.3.rel1.win32_1.1.0.202410251130/tools/bin/../lib/gcc/arm-none-eabi/12.3.1/../../../../arm-none-eabi/lib/thumb/v7e-m+fp/hard\libc_nano.a(libc_a-snprintf.o)
                0x08007928                sniprintf
                0x08007928                snprintf
 .text.memset   0x08007990       0x10 C:/ST/STM32CubeIDE_1.17.0/STM32CubeIDE/plugins/com.st.stm32cube.ide.mcu.externaltools.gnu-tools-for-stm32.12.3.rel1.win32_1.1.0.202410251130/tools/bin/../lib/gcc/arm-none-eabi/12.3.1/../../../../arm-none-eabi/lib/thumb/v7e-m+fp/hard\libc_nano.a(libc_a-memset.o)
                0x08007990                memset
 .text.__errno  0x080079a0        0xc C:/ST/STM32CubeIDE_1.17.0/STM32CubeIDE/plugins/com.st.stm32cube.ide.mcu.externaltools.gnu-tools-for-stm32.12.3.rel1.win32_1.1.0.202410251130/tools/bin/../lib/gcc/arm-none-eabi/12.3.1/../../../../arm-none-eabi/lib/thumb/v7e-m+fp/hard\libc_nano.a(libc_a-errno.o)
                0x080079a0                __errno
 .text.__libc_init_array
                0x080079ac       0x48 C:/ST/STM32CubeIDE_1.17.0/STM32CubeIDE/plugins/com.st.stm32cube.ide.mcu.externaltools.gnu-tools-for-stm32.12.3.rel1.win32_1.1.0.202410251130/tools/bin/../lib/gcc/arm-none-eabi/12.3.1/../../../../arm-none-eabi/lib/thumb/v7e-m+fp/hard\libc_nano.a(libc_a-init.o)
                0x080079ac                __libc_init_array
 .text.__retarget_lock_acquire_recursive
                0x080079f4        0x2 C:/ST/STM32CubeIDE_1.17.0/STM32CubeIDE/plugins/com.st.stm32cube.ide.mcu.externaltools.gnu-tools-for-stm32.12.3.rel1.win32_1.1.0.202410251130/tools/bin/../lib/gcc/arm-none-eabi/12.3.1/../../../../arm-none-eabi/lib/thumb/v7e-m+fp/hard\libc_nano.a(libc_a-lock.o)
                0x080079f4                __retarget_lock_acquire_recursive
 .text.__retarget_lock_release_recursive
                0x080079f6        0x2 C:/ST/STM32CubeIDE_1.17.0/STM32CubeIDE/plugins/com.st.stm32cube.ide.mcu.externaltools.gnu-tools-for-stm32.12.3.rel1.win32_1.1.0.202410251130/tools/bin/../lib/gcc/arm-none-eabi/12.3.1/../../../../arm-none-eabi/lib/thumb/v7e-m+fp/hard\libc_nano.a(libc_a-lock.o)
                0x080079f6                __retarget_lock_release_recursive
 .text._free_r  0x080079f8       0x94 C:/ST/STM32CubeIDE_1.17.0/STM32CubeIDE/plugins/com.st.stm32cube.ide.mcu.externaltools.gnu-tools-for-stm32.12.3.rel1.win32_1.1.0.202410251130/tools/bin/../lib/gcc/arm-none-eabi/12.3.1/../../../../arm-none-eabi/lib/thumb/v7e-m+fp/hard\libc_nano.a(libc_a-freer.o)
                0x080079f8                _free_r
 .text.sbrk_aligned
                0x08007a8c       0x44 C:/ST/STM32CubeIDE_1.17.0/STM32CubeIDE/plugins/com.st.stm32cube.ide.mcu.externaltools.gnu-tools-for-stm32.12.3.rel1.win32_1.1.0.202410251130/tools/bin/../lib/gcc/arm-none-eabi/12.3.1/../../../../arm-none-eabi/lib/thumb/v7e-m+fp/hard\libc_nano.a(libc_a-mallocr.o)
 .text._malloc_r
                0x08007ad0      0x100 C:/ST/STM32CubeIDE_1.17.0/STM32CubeIDE/plugins/com.st.stm32cube.ide.mcu.externaltools.gnu-tools-for-stm32.12.3.rel1.win32_1.1.0.202410251130/tools/bin/../lib/gcc/arm-none-eabi/12.3.1/../../../../arm-none-eabi/lib/thumb/v7e-m+fp/hard\libc_nano.a(libc_a-mallocr.o)
                0x08007ad0                _malloc_r
 .text.__malloc_lock
                0x08007bd0        0xc C:/ST/STM32CubeIDE_1.17.0/STM32CubeIDE/plugins/com.st.stm32cube.ide.mcu.externaltools.gnu-tools-for-stm32.12.3.rel1.win32_1.1.0.202410251130/tools/bin/../lib/gcc/arm-none-eabi/12.3.1/../../../../arm-none-eabi/lib/thumb/v7e-m+fp/hard\libc_nano.a(libc_a-mlock.o)
                0x08007bd0                __malloc_lock
 .text.__malloc_unlock
                0x08007bdc        0xc C:/ST/STM32CubeIDE_1.17.0/STM32CubeIDE/plugins/com.st.stm32cube.ide.mcu.externaltools.gnu-tools-for-stm32.12.3.rel1.win32_1.1.0.202410251130/tools/bin/../lib/gcc/arm-none-eabi/12.3.1/../../../../arm-none-eabi/lib/thumb/v7e-m+fp/hard\libc_nano.a(libc_a-mlock.o)
                0x08007bdc                __malloc_unlock
 .text.__ssputs_r
                0x08007be8       0xb6 C:/ST/STM32CubeIDE_1.17.0/STM32CubeIDE/plugins/com.st.stm32cube.ide.mcu.externaltools.gnu-tools-for-stm32.12.3.rel1.win32_1.1.0.202410251130/tools/bin/../lib/gcc/arm-none-eabi/12.3.1/../../../../arm-none-eabi/lib/thumb/v7e-m+fp/hard\libc_nano.a(libc_a-nano-svfprintf.o)
                0x08007be8                __ssputs_r
 *fill*         0x08007c9e        0x2 
 .text._svfprintf_r
                0x08007ca0      0x1f8 C:/ST/STM32CubeIDE_1.17.0/STM32CubeIDE/plugins/com.st.stm32cube.ide.mcu.externaltools.gnu-tools-for-stm32.12.3.rel1.win32_1.1.0.202410251130/tools/bin/../lib/gcc/arm-none-eabi/12.3.1/../../../../arm-none-eabi/lib/thumb/v7e-m+fp/hard\libc_nano.a(libc_a-nano-svfprintf.o)
                0x08007ca0                _svfiprintf_r
                0x08007ca0                _svfprintf_r
 .text._printf_common
                0x08007e98       0xda C:/ST/STM32CubeIDE_1.17.0/STM32CubeIDE/plugins/com.st.stm32cube.ide.mcu.externaltools.gnu-tools-for-stm32.12.3.rel1.win32_1.1.0.202410251130/tools/bin/../lib/gcc/arm-none-eabi/12.3.1/../../../../arm-none-eabi/lib/thumb/v7e-m+fp/hard\libc_nano.a(libc_a-nano-vfprintf_i.o)
                0x08007e98                _printf_common
 *fill*         0x08007f72        0x2 
 .text._printf_i
                0x08007f74      0x240 C:/ST/STM32CubeIDE_1.17.0/STM32CubeIDE/plugins/com.st.stm32cube.ide.mcu.externaltools.gnu-tools-for-stm32.12.3.rel1.win32_1.1.0.202410251130/tools/bin/../lib/gcc/arm-none-eabi/12.3.1/../../../../arm-none-eabi/lib/thumb/v7e-m+fp/hard\libc_nano.a(libc_a-nano-vfprintf_i.o)
                0x08007f74                _printf_i
 .text.memmove  0x080081b4       0x34 C:/ST/STM32CubeIDE_1.17.0/STM32CubeIDE/plugins/com.st.stm32cube.ide.mcu.externaltools.gnu-tools-for-stm32.12.3.rel1.win32_1.1.0.202410251130/tools/bin/../lib/gcc/arm-none-eabi/12.3.1/../../../../arm-none-eabi/lib/thumb/v7e-m+fp/hard\libc_nano.a(libc_a-memmove.o)
                0x080081b4                memmove
 .text._sbrk_r  0x080081e8       0x20 C:/ST/STM32CubeIDE_1.17.0/STM32CubeIDE/plugins/com.st.stm32cube.ide.mcu.externaltools.gnu-tools-for-stm32.12.3.rel1.win32_1.1.0.202410251130/tools/bin/../lib/gcc/arm-none-eabi/12.3.1/../../../../arm-none-eabi/lib/thumb/v7e-m+fp/hard\libc_nano.a(libc_a-sbrkr.o)
                0x080081e8                _sbrk_r
 .text.memcpy   0x08008208       0x1c C:/ST/STM32CubeIDE_1.17.0/STM32CubeIDE/plugins/com.st.stm32cube.ide.mcu.externaltools.gnu-tools-for-stm32.12.3.rel1.win32_1.1.0.202410251130/tools/bin/../lib/gcc/arm-none-eabi/12.3.1/../../../../arm-none-eabi/lib/thumb/v7e-m+fp/hard\libc_nano.a(libc_a-memcpy-stub.o)
                0x08008208                memcpy
 .text._realloc_r
                0x08008224       0x5c C:/ST/STM32CubeIDE_1.17.0/STM32CubeIDE/plugins/com.st.stm32cube.ide.mcu.externaltools.gnu-tools-for-stm32.12.3.rel1.win32_1.1.0.202410251130/tools/bin/../lib/gcc/arm-none-eabi/12.3.1/../../../../arm-none-eabi/lib/thumb/v7e-m+fp/hard\libc_nano.a(libc_a-reallocr.o)
                0x08008224                _realloc_r
 .text._malloc_usable_size_r
                0x08008280       0x10 C:/ST/STM32CubeIDE_1.17.0/STM32CubeIDE/plugins/com.st.stm32cube.ide.mcu.externaltools.gnu-tools-for-stm32.12.3.rel1.win32_1.1.0.202410251130/tools/bin/../lib/gcc/arm-none-eabi/12.3.1/../../../../arm-none-eabi/lib/thumb/v7e-m+fp/hard\libc_nano.a(libc_a-msizer.o)
                0x08008280                _malloc_usable_size_r
 *(.glue_7)
 .glue_7        0x08008290        0x0 linker stubs
 *(.glue_7t)
 .glue_7t       0x08008290        0x0 linker stubs
 *(.eh_frame)
 .eh_frame      0x08008290        0x0 C:/ST/STM32CubeIDE_1.17.0/STM32CubeIDE/plugins/com.st.stm32cube.ide.mcu.externaltools.gnu-tools-for-stm32.12.3.rel1.win32_1.1.0.202410251130/tools/bin/../lib/gcc/arm-none-eabi/12.3.1/thumb/v7e-m+fp/hard/crtbegin.o
 *(.init)
 .init          0x08008290        0x4 C:/ST/STM32CubeIDE_1.17.0/STM32CubeIDE/plugins/com.st.stm32cube.ide.mcu.externaltools.gnu-tools-for-stm32.12.3.rel1.win32_1.1.0.202410251130/tools/bin/../lib/gcc/arm-none-eabi/12.3.1/thumb/v7e-m+fp/hard/crti.o
                0x08008290                _init
 .init          0x08008294        0x8 C:/ST/STM32CubeIDE_1.17.0/STM32CubeIDE/plugins/com.st.stm32cube.ide.mcu.externaltools.gnu-tools-for-stm32.12.3.rel1.win32_1.1.0.202410251130/tools/bin/../lib/gcc/arm-none-eabi/12.3.1/thumb/v7e-m+fp/hard/crtn.o
 *(.fini)
 .fini          0x0800829c        0x4 C:/ST/STM32CubeIDE_1.17.0/STM32CubeIDE/plugins/com.st.stm32cube.ide.mcu.externaltools.gnu-tools-for-stm32.12.3.rel1.win32_1.1.0.202410251130/tools/bin/../lib/gcc/arm-none-eabi/12.3.1/thumb/v7e-m+fp/hard/crti.o
                0x0800829c                _fini
 .fini          0x080082a0        0x8 C:/ST/STM32CubeIDE_1.17.0/STM32CubeIDE/plugins/com.st.stm32cube.ide.mcu.externaltools.gnu-tools-for-stm32.12.3.rel1.win32_1.1.0.202410251130/tools/bin/../lib/gcc/arm-none-eabi/12.3.1/thumb/v7e-m+fp/hard/crtn.o
                0x080082a8                        . = ALIGN (0x4)
                0x080082a8                        _etext = .

.vfp11_veneer   0x080082a8        0x0
 .vfp11_veneer  0x080082a8        0x0 linker stubs

.v4_bx          0x080082a8        0x0
 .v4_bx         0x080082a8        0x0 linker stubs

.iplt           0x080082a8        0x0
 .iplt          0x080082a8        0x0 C:/ST/STM32CubeIDE_1.17.0/STM32CubeIDE/plugins/com.st.stm32cube.ide.mcu.externaltools.gnu-tools-for-stm32.12.3.rel1.win32_1.1.0.202410251130/tools/bin/../lib/gcc/arm-none-eabi/12.3.1/thumb/v7e-m+fp/hard/crtbegin.o

.rodata         0x080082a8     0x2934
                0x080082a8                        . = ALIGN (0x4)
 *(.rodata)
 .rodata        0x080082a8       0x33 ./Core/Src/ili9341.o
 *fill*         0x080082db        0x1 
 .rodata        0x080082dc       0x5c ./Core/Src/scope_overlay.o
 *(.rodata*)
 .rodata.Font7x10
                0x08008338      0x76c ./Core/Src/fonts.o
 .rodata.Font11x18
                0x08008aa4      0xd5c ./Core/Src/fonts.o
 .rodata.Font16x26
                0x08009800     0x134c ./Core/Src/fonts.o
 .rodata.vdiv_table_mV
                0x0800ab4c       0x14 ./Core/Src/oszi_channels.o
 .rodata.AHBPrescTable
                0x0800ab60       0x10 ./Core/Src/system_stm32l4xx.o
                0x0800ab60                AHBPrescTable
 .rodata.APBPrescTable
                0x0800ab70        0x8 ./Core/Src/system_stm32l4xx.o
                0x0800ab70                APBPrescTable
 .rodata.MSIRangeTable
                0x0800ab78       0x30 ./Core/Src/system_stm32l4xx.o
                0x0800ab78                MSIRangeTable
 .rodata._svfprintf_r.str1.1
                0x0800aba8       0x11 C:/ST/STM32CubeIDE_1.17.0/STM32CubeIDE/plugins/com.st.stm32cube.ide.mcu.externaltools.gnu-tools-for-stm32.12.3.rel1.win32_1.1.0.202410251130/tools/bin/../lib/gcc/arm-none-eabi/12.3.1/../../../../arm-none-eabi/lib/thumb/v7e-m+fp/hard\libc_nano.a(libc_a-nano-svfprintf.o)
 .rodata._printf_i.str1.1
                0x0800abb9       0x22 C:/ST/STM32CubeIDE_1.17.0/STM32CubeIDE/plugins/com.st.stm32cube.ide.mcu.externaltools.gnu-tools-for-stm32.12.3.rel1.win32_1.1.0.202410251130/tools/bin/../lib/gcc/arm-none-eabi/12.3.1/../../../../arm-none-eabi/lib/thumb/v7e-m+fp/hard\libc_nano.a(libc_a-nano-vfprintf_i.o)
                0x0800abdc                        . = ALIGN (0x4)
 *fill*         0x0800abdb        0x1 

.ARM.extab      0x0800abdc        0x0
                0x0800abdc                        . = ALIGN (0x4)
 *(.ARM.extab* .gnu.linkonce.armextab.*)
                0x0800abdc                        . = ALIGN (0x4)

.ARM            0x0800abdc        0x8
                0x0800abdc                        . = ALIGN (0x4)
                0x0800abdc                        __exidx_start = .
 *(.ARM.exidx*)
 .ARM.exidx     0x0800abdc        0x8 C:/ST/STM32CubeIDE_1.17.0/STM32CubeIDE/plugins/com.st.stm32cube.ide.mcu.externaltools.gnu-tools-for-stm32.12.3.rel1.win32_1.1.0.202410251130/tools/bin/../lib/gcc/arm-none-eabi/12.3.1/../../../../arm-none-eabi/lib/thumb/v7e-m+fp/hard\libc_nano.a(libc_a-memchr.o)
 .ARM.exidx     0x0800abe4        0x0 C:/ST/STM32CubeIDE_1.17.0/STM32CubeIDE/plugins/com.st.stm32cube.ide.mcu.externaltools.gnu-tools-for-stm32.12.3.rel1.win32_1.1.0.202410251130/tools/bin/../lib/gcc/arm-none-eabi/12.3.1/thumb/v7e-m+fp/hard\libgcc.a(_udivmoddi4.o)
                                  0x8 (size before relaxing)
                0x0800abe4                        __exidx_end = .
                0x0800abe4                        . = ALIGN (0x4)

.preinit_array  0x0800abe4        0x0
                0x0800abe4                        . = ALIGN (0x4)
                0x0800abe4                        PROVIDE (__preinit_array_start = .)
 *(.preinit_array*)
                0x0800abe4                        PROVIDE (__preinit_array_end = .)
                0x0800abe4                        . = ALIGN (0x4)

.init_array     0x0800abe4        0x4
                0x0800abe4                        . = ALIGN (0x4)
                0x0800abe4                        PROVIDE (__init_array_start = .)
 *(SORT_BY_NAME(.init_array.*))
 *(.init_array*)
 .init_array    0x0800abe4        0x4 C:/ST/STM32CubeIDE_1.17.0/STM32CubeIDE/plugins/com.st.stm32cube.ide.mcu.externaltools.gnu-tools-for-stm32.12.3.rel1.win32_1.1.0.202410251130/tools/bin/../lib/gcc/arm-none-eabi/12.3.1/thumb/v7e-m+fp/hard/crtbegin.o
                0x0800abe8                        PROVIDE (__init_array_end = .)
                0x0800abe8                        . = ALIGN (0x4)

.fini_array     0x0800abe8        0x4
                0x0800abe8                        . = ALIGN (0x4)
                [!provide]                        PROVIDE (__fini_array_start = .)
 *(SORT_BY_NAME(.fini_array.*))
 *(.fini_array*)
 .fini_array    0x0800abe8        0x4 C:/ST/STM32CubeIDE_1.17.0/STM32CubeIDE/plugins/com.st.stm32cube.ide.mcu.externaltools.gnu-tools-for-stm32.12.3.rel1.win32_1.1.0.202410251130/tools/bin/../lib/gcc/arm-none-eabi/12.3.1/thumb/v7e-m+fp/hard/crtbegin.o
                [!provide]                        PROVIDE (__fini_array_end = .)
                0x0800abec                        . = ALIGN (0x4)
                0x0800abec                        _sidata = LOADADDR (.data)

.rel.dyn        0x0800abec        0x0
 .rel.iplt      0x0800abec        0x0 C:/ST/STM32CubeIDE_1.17.0/STM32CubeIDE/plugins/com.st.stm32cube.ide.mcu.externaltools.gnu-tools-for-stm32.12.3.rel1.win32_1.1.0.202410251130/tools/bin/../lib/gcc/arm-none-eabi/12.3.1/thumb/v7e-m+fp/hard/crtbegin.o

.data           0x20000000       0x7c load address 0x0800abec
                0x20000000                        . = ALIGN (0x4)
                0x20000000                        _sdata = .
 *(.data)
 *(.data*)
 .data.Font_7x10
                0x20000000        0x8 ./Core/Src/fonts.o
                0x20000000                Font_7x10
 .data.Font_11x18
                0x20000008        0x8 ./Core/Src/fonts.o
                0x20000008                Font_11x18
 .data.Font_16x26
                0x20000010        0x8 ./Core/Src/fonts.o
                0x20000010                Font_16x26
 .data.ch2_sel  0x20000018        0x1 ./Core/Src/oszi_channels.o
 *fill*         0x20000019        0x1 
 .data.ch1_vdiv_mV
                0x2000001a        0x2 ./Core/Src/oszi_channels.o
 .data.ch2_vdiv_mV
                0x2000001c        0x2 ./Core/Src/oszi_channels.o
 *fill*         0x2000001e        0x2 
 .data.SystemCoreClock
                0x20000020        0x4 ./Core/Src/system_stm32l4xx.o
                0x20000020                SystemCoreClock
 .data.uwTickPrio
                0x20000024        0x4 ./Drivers/STM32L4xx_HAL_Driver/Src/stm32l4xx_hal.o
                0x20000024                uwTickPrio
 .data.uwTickFreq
                0x20000028        0x1 ./Drivers/STM32L4xx_HAL_Driver/Src/stm32l4xx_hal.o
                0x20000028                uwTickFreq
 *fill*         0x20000029        0x3 
 .data._impure_ptr
                0x2000002c        0x4 C:/ST/STM32CubeIDE_1.17.0/STM32CubeIDE/plugins/com.st.stm32cube.ide.mcu.externaltools.gnu-tools-for-stm32.12.3.rel1.win32_1.1.0.202410251130/tools/bin/../lib/gcc/arm-none-eabi/12.3.1/../../../../arm-none-eabi/lib/thumb/v7e-m+fp/hard\libc_nano.a(libc_a-impure.o)
                0x2000002c                _impure_ptr
 .data._impure_data
                0x20000030       0x4c C:/ST/STM32CubeIDE_1.17.0/STM32CubeIDE/plugins/com.st.stm32cube.ide.mcu.externaltools.gnu-tools-for-stm32.12.3.rel1.win32_1.1.0.202410251130/tools/bin/../lib/gcc/arm-none-eabi/12.3.1/../../../../arm-none-eabi/lib/thumb/v7e-m+fp/hard\libc_nano.a(libc_a-impure.o)
                0x20000030                _impure_data
 *(.RamFunc)
 *(.RamFunc*)
                0x2000007c                        . = ALIGN (0x4)
                0x2000007c                        _edata = .

.igot.plt       0x2000007c        0x0 load address 0x0800ac68
 .igot.plt      0x2000007c        0x0 C:/ST/STM32CubeIDE_1.17.0/STM32CubeIDE/plugins/com.st.stm32cube.ide.mcu.externaltools.gnu-tools-for-stm32.12.3.rel1.win32_1.1.0.202410251130/tools/bin/../lib/gcc/arm-none-eabi/12.3.1/thumb/v7e-m+fp/hard/crtbegin.o
                0x2000007c                        . = ALIGN (0x4)

.bss            0x2000007c     0x1390 load address 0x0800ac68
                0x2000007c                        _sbss = .
                0x2000007c                        __bss_start__ = _sbss
 *(.bss)
 .bss           0x2000007c       0x1c C:/ST/STM32CubeIDE_1.17.0/STM32CubeIDE/plugins/com.st.stm32cube.ide.mcu.externaltools.gnu-tools-for-stm32.12.3.rel1.win32_1.1.0.202410251130/tools/bin/../lib/gcc/arm-none-eabi/12.3.1/thumb/v7e-m+fp/hard/crtbegin.o
 *(.bss*)
 .bss.s_half_ready
                0x20000098        0x1 ./Core/Src/adc_dma.o
 .bss.s_full_ready
                0x20000099        0x1 ./Core/Src/adc_dma.o
 *fill*         0x2000009a        0x2 
 .bss.s_buf     0x2000009c     0x1000 ./Core/Src/adc_dma.o
 .bss.ov        0x2000109c        0xc ./Core/Src/app_scope.o
 .bss.hadc1     0x200010a8       0x64 ./Core/Src/main.o
                0x200010a8                hadc1
 .bss.hdma_adc1
                0x2000110c       0x48 ./Core/Src/main.o
                0x2000110c                hdma_adc1
 .bss.hspi1     0x20001154       0x64 ./Core/Src/main.o
                0x20001154                hspi1
 .bss.htim1     0x200011b8       0x4c ./Core/Src/main.o
                0x200011b8                htim1
 .bss.huart2    0x20001204       0x88 ./Core/Src/main.o
                0x20001204                huart2
 .bss.ch1_sel   0x2000128c        0x1 ./Core/Src/oszi_channels.o
 *fill*         0x2000128d        0x3 
 .bss.last_ms   0x20001290        0x4 ./Core/Src/scope_fps.o
 .bss.frames    0x20001294        0x4 ./Core/Src/scope_fps.o
 .bss.fps       0x20001298        0x4 ./Core/Src/scope_fps.o
 .bss.chcfg     0x2000129c        0xc ./Core/Src/scope_wave.o
 .bss.sample_ch
                0x200012a8        0x4 ./Core/Src/scope_wave.o
 .bss.last_x    0x200012ac        0x4 ./Core/Src/scope_wave.o
 .bss.last_y    0x200012b0        0x8 ./Core/Src/scope_wave.o
 .bss.tick      0x200012b8        0x4 ./Core/Src/scope_wave.o
 .bss.__sbrk_heap_end
                0x200012bc        0x4 ./Core/Src/sysmem.o
 .bss.uwTick    0x200012c0        0x4 ./Drivers/STM32L4xx_HAL_Driver/Src/stm32l4xx_hal.o
                0x200012c0                uwTick
 .bss.__sf      0x200012c4      0x138 C:/ST/STM32CubeIDE_1.17.0/STM32CubeIDE/plugins/com.st.stm32cube.ide.mcu.externaltools.gnu-tools-for-stm32.12.3.rel1.win32_1.1.0.202410251130/tools/bin/../lib/gcc/arm-none-eabi/12.3.1/../../../../arm-none-eabi/lib/thumb/v7e-m+fp/hard\libc_nano.a(libc_a-findfp.o)
                0x200012c4                __sf
 .bss.errno     0x200013fc        0x4 C:/ST/STM32CubeIDE_1.17.0/STM32CubeIDE/plugins/com.st.stm32cube.ide.mcu.externaltools.gnu-tools-for-stm32.12.3.rel1.win32_1.1.0.202410251130/tools/bin/../lib/gcc/arm-none-eabi/12.3.1/../../../../arm-none-eabi/lib/thumb/v7e-m+fp/hard\libc_nano.a(libc_a-reent.o)
                0x200013fc                errno
 .bss.__lock___malloc_recursive_mutex
                0x20001400        0x1 C:/ST/STM32CubeIDE_1.17.0/STM32CubeIDE/plugins/com.st.stm32cube.ide.mcu.externaltools.gnu-tools-for-stm32.12.3.rel1.win32_1.1.0.202410251130/tools/bin/../lib/gcc/arm-none-eabi/12.3.1/../../../../arm-none-eabi/lib/thumb/v7e-m+fp/hard\libc_nano.a(libc_a-lock.o)
                0x20001400                __lock___malloc_recursive_mutex
 *fill*         0x20001401        0x3 
 .bss.__malloc_sbrk_start
                0x20001404        0x4 C:/ST/STM32CubeIDE_1.17.0/STM32CubeIDE/plugins/com.st.stm32cube.ide.mcu.externaltools.gnu-tools-for-stm32.12.3.rel1.win32_1.1.0.202410251130/tools/bin/../lib/gcc/arm-none-eabi/12.3.1/../../../../arm-none-eabi/lib/thumb/v7e-m+fp/hard\libc_nano.a(libc_a-mallocr.o)
                0x20001404                __malloc_sbrk_start
 .bss.__malloc_free_list
                0x20001408        0x4 C:/ST/STM32CubeIDE_1.17.0/STM32CubeIDE/plugins/com.st.stm32cube.ide.mcu.externaltools.gnu-tools-for-stm32.12.3.rel1.win32_1.1.0.202410251130/tools/bin/../lib/gcc/arm-none-eabi/12.3.1/../../../../arm-none-eabi/lib/thumb/v7e-m+fp/hard\libc_nano.a(libc_a-mallocr.o)
                0x20001408                __malloc_free_list
 *(COMMON)
                0x2000140c                        . = ALIGN (0x4)
                0x2000140c                        _ebss = .
                0x2000140c                        __bss_end__ = _ebss

._user_heap_stack
                0x2000140c      0x604 load address 0x0800ac68
                0x20001410                        . = ALIGN (0x8)
 *fill*         0x2000140c        0x4 
                [!provide]                        PROVIDE (end = .)
                0x20001410                        PROVIDE (_end = .)
                0x20001610                        . = (. + _Min_Heap_Size)
 *fill*         0x20001410      0x200 
                0x20001a10                        . = (. + _Min_Stack_Size)
 *fill*         0x20001610      0x400 
                0x20001a10                        . = ALIGN (0x8)

/DISCARD/
 libc.a(*)
 libm.a(*)
 libgcc.a(*)

.ARM.attributes
                0x00000000       0x30
 *(.ARM.attributes)
 .ARM.attributes
                0x00000000       0x22 C:/ST/STM32CubeIDE_1.17.0/STM32CubeIDE/plugins/com.st.stm32cube.ide.mcu.externaltools.gnu-tools-for-stm32.12.3.rel1.win32_1.1.0.202410251130/tools/bin/../lib/gcc/arm-none-eabi/12.3.1/thumb/v7e-m+fp/hard/crti.o
 .ARM.attributes
                0x00000022       0x34 C:/ST/STM32CubeIDE_1.17.0/STM32CubeIDE/plugins/com.st.stm32cube.ide.mcu.externaltools.gnu-tools-for-stm32.12.3.rel1.win32_1.1.0.202410251130/tools/bin/../lib/gcc/arm-none-eabi/12.3.1/thumb/v7e-m+fp/hard/crtbegin.o
 .ARM.attributes
                0x00000056       0x34 ./Core/Src/adc_dma.o
 .ARM.attributes
                0x0000008a       0x34 ./Core/Src/app_scope.o
 .ARM.attributes
                0x000000be       0x34 ./Core/Src/fonts.o
 .ARM.attributes
                0x000000f2       0x34 ./Core/Src/ili9341.o
 .ARM.attributes
                0x00000126       0x34 ./Core/Src/main.o
 .ARM.attributes
                0x0000015a       0x34 ./Core/Src/oszi_adc.o
 .ARM.attributes
                0x0000018e       0x34 ./Core/Src/oszi_channels.o
 .ARM.attributes
                0x000001c2       0x34 ./Core/Src/scope_fps.o
 .ARM.attributes
                0x000001f6       0x34 ./Core/Src/scope_grid.o
 .ARM.attributes
                0x0000022a       0x34 ./Core/Src/scope_overlay.o
 .ARM.attributes
                0x0000025e       0x34 ./Core/Src/scope_wave.o
 .ARM.attributes
                0x00000292       0x34 ./Core/Src/stm32l4xx_hal_msp.o
 .ARM.attributes
                0x000002c6       0x34 ./Core/Src/stm32l4xx_it.o
 .ARM.attributes
                0x000002fa       0x34 ./Core/Src/sysmem.o
 .ARM.attributes
                0x0000032e       0x34 ./Core/Src/system_stm32l4xx.o
 .ARM.attributes
                0x00000362       0x34 ./Core/Src/tft_port.o
 .ARM.attributes
                0x00000396       0x21 ./Core/Startup/startup_stm32l432kcux.o
 .ARM.attributes
                0x000003b7       0x34 ./Drivers/STM32L4xx_HAL_Driver/Src/stm32l4xx_hal.o
 .ARM.attributes
                0x000003eb       0x34 ./Drivers/STM32L4xx_HAL_Driver/Src/stm32l4xx_hal_adc.o
 .ARM.attributes
                0x0000041f       0x34 ./Drivers/STM32L4xx_HAL_Driver/Src/stm32l4xx_hal_adc_ex.o
 .ARM.attributes
                0x00000453       0x34 ./Drivers/STM32L4xx_HAL_Driver/Src/stm32l4xx_hal_cortex.o
 .ARM.attributes
                0x00000487       0x34 ./Drivers/STM32L4xx_HAL_Driver/Src/stm32l4xx_hal_dma.o
 .ARM.attributes
                0x000004bb       0x34 ./Drivers/STM32L4xx_HAL_Driver/Src/stm32l4xx_hal_gpio.o
 .ARM.attributes
                0x000004ef       0x34 ./Drivers/STM32L4xx_HAL_Driver/Src/stm32l4xx_hal_pwr.o
 .ARM.attributes
                0x00000523       0x34 ./Drivers/STM32L4xx_HAL_Driver/Src/stm32l4xx_hal_pwr_ex.o
 .ARM.attributes
                0x00000557       0x34 ./Drivers/STM32L4xx_HAL_Driver/Src/stm32l4xx_hal_rcc.o
 .ARM.attributes
                0x0000058b       0x34 ./Drivers/STM32L4xx_HAL_Driver/Src/stm32l4xx_hal_rcc_ex.o
 .ARM.attributes
                0x000005bf       0x34 ./Drivers/STM32L4xx_HAL_Driver/Src/stm32l4xx_hal_spi.o
 .ARM.attributes
                0x000005f3       0x34 ./Drivers/STM32L4xx_HAL_Driver/Src/stm32l4xx_hal_tim.o
 .ARM.attributes
                0x00000627       0x34 ./Drivers/STM32L4xx_HAL_Driver/Src/stm32l4xx_hal_tim_ex.o
 .ARM.attributes
                0x0000065b       0x34 ./Drivers/STM32L4xx_HAL_Driver/Src/stm32l4xx_hal_uart.o
 .ARM.attributes
                0x0000068f       0x34 C:/ST/STM32CubeIDE_1.17.0/STM32CubeIDE/plugins/com.st.stm32cube.ide.mcu.externaltools.gnu-tools-for-stm32.12.3.rel1.win32_1.1.0.202410251130/tools/bin/../lib/gcc/arm-none-eabi/12.3.1/../../../../arm-none-eabi/lib/thumb/v7e-m+fp/hard\libc_nano.a(libc_a-findfp.o)
 .ARM.attributes
                0x000006c3       0x34 C:/ST/STM32CubeIDE_1.17.0/STM32CubeIDE/plugins/com.st.stm32cube.ide.mcu.externaltools.gnu-tools-for-stm32.12.3.rel1.win32_1.1.0.202410251130/tools/bin/../lib/gcc/arm-none-eabi/12.3.1/../../../../arm-none-eabi/lib/thumb/v7e-m+fp/hard\libc_nano.a(libc_a-snprintf.o)
 .ARM.attributes
                0x000006f7       0x34 C:/ST/STM32CubeIDE_1.17.0/STM32CubeIDE/plugins/com.st.stm32cube.ide.mcu.externaltools.gnu-tools-for-stm32.12.3.rel1.win32_1.1.0.202410251130/tools/bin/../lib/gcc/arm-none-eabi/12.3.1/../../../../arm-none-eabi/lib/thumb/v7e-m+fp/hard\libc_nano.a(libc_a-memset.o)
 .ARM.attributes
                0x0000072b       0x34 C:/ST/STM32CubeIDE_1.17.0/STM32CubeIDE/plugins/com.st.stm32cube.ide.mcu.externaltools.gnu-tools-for-stm32.12.3.rel1.win32_1.1.0.202410251130/tools/bin/../lib/gcc/arm-none-eabi/12.3.1/../../../../arm-none-eabi/lib/thumb/v7e-m+fp/hard\libc_nano.a(libc_a-reent.o)
 .ARM.attributes
                0x0000075f       0x34 C:/ST/STM32CubeIDE_1.17.0/STM32CubeIDE/plugins/com.st.stm32cube.ide.mcu.externaltools.gnu-tools-for-stm32.12.3.rel1.win32_1.1.0.202410251130/tools/bin/../lib/gcc/arm-none-eabi/12.3.1/../../../../arm-none-eabi/lib/thumb/v7e-m+fp/hard\libc_nano.a(libc_a-impure.o)
 .ARM.attributes
                0x00000793       0x34 C:/ST/STM32CubeIDE_1.17.0/STM32CubeIDE/plugins/com.st.stm32cube.ide.mcu.externaltools.gnu-tools-for-stm32.12.3.rel1.win32_1.1.0.202410251130/tools/bin/../lib/gcc/arm-none-eabi/12.3.1/../../../../arm-none-eabi/lib/thumb/v7e-m+fp/hard\libc_nano.a(libc_a-errno.o)
 .ARM.attributes
                0x000007c7       0x34 C:/ST/STM32CubeIDE_1.17.0/STM32CubeIDE/plugins/com.st.stm32cube.ide.mcu.externaltools.gnu-tools-for-stm32.12.3.rel1.win32_1.1.0.202410251130/tools/bin/../lib/gcc/arm-none-eabi/12.3.1/../../../../arm-none-eabi/lib/thumb/v7e-m+fp/hard\libc_nano.a(libc_a-init.o)
 .ARM.attributes
                0x000007fb       0x34 C:/ST/STM32CubeIDE_1.17.0/STM32CubeIDE/plugins/com.st.stm32cube.ide.mcu.externaltools.gnu-tools-for-stm32.12.3.rel1.win32_1.1.0.202410251130/tools/bin/../lib/gcc/arm-none-eabi/12.3.1/../../../../arm-none-eabi/lib/thumb/v7e-m+fp/hard\libc_nano.a(libc_a-lock.o)
 .ARM.attributes
                0x0000082f       0x34 C:/ST/STM32CubeIDE_1.17.0/STM32CubeIDE/plugins/com.st.stm32cube.ide.mcu.externaltools.gnu-tools-for-stm32.12.3.rel1.win32_1.1.0.202410251130/tools/bin/../lib/gcc/arm-none-eabi/12.3.1/../../../../arm-none-eabi/lib/thumb/v7e-m+fp/hard\libc_nano.a(libc_a-freer.o)
 .ARM.attributes
                0x00000863       0x34 C:/ST/STM32CubeIDE_1.17.0/STM32CubeIDE/plugins/com.st.stm32cube.ide.mcu.externaltools.gnu-tools-for-stm32.12.3.rel1.win32_1.1.0.202410251130/tools/bin/../lib/gcc/arm-none-eabi/12.3.1/../../../../arm-none-eabi/lib/thumb/v7e-m+fp/hard\libc_nano.a(libc_a-mallocr.o)
 .ARM.attributes
                0x00000897       0x34 C:/ST/STM32CubeIDE_1.17.0/STM32CubeIDE/plugins/com.st.stm32cube.ide.mcu.externaltools.gnu-tools-for-stm32.12.3.rel1.win32_1.1.0.202410251130/tools/bin/../lib/gcc/arm-none-eabi/12.3.1/../../../../arm-none-eabi/lib/thumb/v7e-m+fp/hard\libc_nano.a(libc_a-mlock.o)
 .ARM.attributes
                0x000008cb       0x34 C:/ST/STM32CubeIDE_1.17.0/STM32CubeIDE/plugins/com.st.stm32cube.ide.mcu.externaltools.gnu-tools-for-stm32.12.3.rel1.win32_1.1.0.202410251130/tools/bin/../lib/gcc/arm-none-eabi/12.3.1/../../../../arm-none-eabi/lib/thumb/v7e-m+fp/hard\libc_nano.a(libc_a-nano-svfprintf.o)
 .ARM.attributes
                0x000008ff       0x34 C:/ST/STM32CubeIDE_1.17.0/STM32CubeIDE/plugins/com.st.stm32cube.ide.mcu.externaltools.gnu-tools-for-stm32.12.3.rel1.win32_1.1.0.202410251130/tools/bin/../lib/gcc/arm-none-eabi/12.3.1/../../../../arm-none-eabi/lib/thumb/v7e-m+fp/hard\libc_nano.a(libc_a-nano-vfprintf_i.o)
 .ARM.attributes
                0x00000933       0x34 C:/ST/STM32CubeIDE_1.17.0/STM32CubeIDE/plugins/com.st.stm32cube.ide.mcu.externaltools.gnu-tools-for-stm32.12.3.rel1.win32_1.1.0.202410251130/tools/bin/../lib/gcc/arm-none-eabi/12.3.1/../../../../arm-none-eabi/lib/thumb/v7e-m+fp/hard\libc_nano.a(libc_a-memmove.o)
 .ARM.attributes
                0x00000967       0x34 C:/ST/STM32CubeIDE_1.17.0/STM32CubeIDE/plugins/com.st.stm32cube.ide.mcu.externaltools.gnu-tools-for-stm32.12.3.rel1.win32_1.1.0.202410251130/tools/bin/../lib/gcc/arm-none-eabi/12.3.1/../../../../arm-none-eabi/lib/thumb/v7e-m+fp/hard\libc_nano.a(libc_a-sbrkr.o)
 .ARM.attributes
                0x0000099b       0x1c C:/ST/STM32CubeIDE_1.17.0/STM32CubeIDE/plugins/com.st.stm32cube.ide.mcu.externaltools.gnu-tools-for-stm32.12.3.rel1.win32_1.1.0.202410251130/tools/bin/../lib/gcc/arm-none-eabi/12.3.1/../../../../arm-none-eabi/lib/thumb/v7e-m+fp/hard\libc_nano.a(libc_a-memchr.o)
 .ARM.attributes
                0x000009b7       0x34 C:/ST/STM32CubeIDE_1.17.0/STM32CubeIDE/plugins/com.st.stm32cube.ide.mcu.externaltools.gnu-tools-for-stm32.12.3.rel1.win32_1.1.0.202410251130/tools/bin/../lib/gcc/arm-none-eabi/12.3.1/../../../../arm-none-eabi/lib/thumb/v7e-m+fp/hard\libc_nano.a(libc_a-memcpy-stub.o)
 .ARM.attributes
                0x000009eb       0x34 C:/ST/STM32CubeIDE_1.17.0/STM32CubeIDE/plugins/com.st.stm32cube.ide.mcu.externaltools.gnu-tools-for-stm32.12.3.rel1.win32_1.1.0.202410251130/tools/bin/../lib/gcc/arm-none-eabi/12.3.1/../../../../arm-none-eabi/lib/thumb/v7e-m+fp/hard\libc_nano.a(libc_a-reallocr.o)
 .ARM.attributes
                0x00000a1f       0x34 C:/ST/STM32CubeIDE_1.17.0/STM32CubeIDE/plugins/com.st.stm32cube.ide.mcu.externaltools.gnu-tools-for-stm32.12.3.rel1.win32_1.1.0.202410251130/tools/bin/../lib/gcc/arm-none-eabi/12.3.1/../../../../arm-none-eabi/lib/thumb/v7e-m+fp/hard\libc_nano.a(libc_a-msizer.o)
 .ARM.attributes
                0x00000a53       0x22 C:/ST/STM32CubeIDE_1.17.0/STM32CubeIDE/plugins/com.st.stm32cube.ide.mcu.externaltools.gnu-tools-for-stm32.12.3.rel1.win32_1.1.0.202410251130/tools/bin/../lib/gcc/arm-none-eabi/12.3.1/thumb/v7e-m+fp/hard\libgcc.a(_aeabi_uldivmod.o)
 .ARM.attributes
                0x00000a75       0x34 C:/ST/STM32CubeIDE_1.17.0/STM32CubeIDE/plugins/com.st.stm32cube.ide.mcu.externaltools.gnu-tools-for-stm32.12.3.rel1.win32_1.1.0.202410251130/tools/bin/../lib/gcc/arm-none-eabi/12.3.1/thumb/v7e-m+fp/hard\libgcc.a(_udivmoddi4.o)
 .ARM.attributes
                0x00000aa9       0x22 C:/ST/STM32CubeIDE_1.17.0/STM32CubeIDE/plugins/com.st.stm32cube.ide.mcu.externaltools.gnu-tools-for-stm32.12.3.rel1.win32_1.1.0.202410251130/tools/bin/../lib/gcc/arm-none-eabi/12.3.1/thumb/v7e-m+fp/hard\libgcc.a(_dvmd_tls.o)
 .ARM.attributes
                0x00000acb       0x22 C:/ST/STM32CubeIDE_1.17.0/STM32CubeIDE/plugins/com.st.stm32cube.ide.mcu.externaltools.gnu-tools-for-stm32.12.3.rel1.win32_1.1.0.202410251130/tools/bin/../lib/gcc/arm-none-eabi/12.3.1/thumb/v7e-m+fp/hard/crtn.o
OUTPUT(SPI.elf elf32-littlearm)
LOAD linker stubs
LOAD C:/ST/STM32CubeIDE_1.17.0/STM32CubeIDE/plugins/com.st.stm32cube.ide.mcu.externaltools.gnu-tools-for-stm32.12.3.rel1.win32_1.1.0.202410251130/tools/bin/../lib/gcc/arm-none-eabi/12.3.1/../../../../arm-none-eabi/lib/thumb/v7e-m+fp/hard\libc.a
LOAD C:/ST/STM32CubeIDE_1.17.0/STM32CubeIDE/plugins/com.st.stm32cube.ide.mcu.externaltools.gnu-tools-for-stm32.12.3.rel1.win32_1.1.0.202410251130/tools/bin/../lib/gcc/arm-none-eabi/12.3.1/../../../../arm-none-eabi/lib/thumb/v7e-m+fp/hard\libm.a
LOAD C:/ST/STM32CubeIDE_1.17.0/STM32CubeIDE/plugins/com.st.stm32cube.ide.mcu.externaltools.gnu-tools-for-stm32.12.3.rel1.win32_1.1.0.202410251130/tools/bin/../lib/gcc/arm-none-eabi/12.3.1/thumb/v7e-m+fp/hard\libgcc.a

.debug_info     0x00000000    0x194d7
 .debug_info    0x00000000      0x8ba ./Core/Src/adc_dma.o
 .debug_info    0x000008ba      0x27f ./Core/Src/app_scope.o
 .debug_info    0x00000b39      0x19a ./Core/Src/fonts.o
 .debug_info    0x00000cd3      0xda7 ./Core/Src/ili9341.o
 .debug_info    0x00001a7a     0x1d83 ./Core/Src/main.o
 .debug_info    0x000037fd      0xc3f ./Core/Src/oszi_adc.o
 .debug_info    0x0000443c      0x46b ./Core/Src/oszi_channels.o
 .debug_info    0x000048a7      0x163 ./Core/Src/scope_fps.o
 .debug_info    0x00004a0a      0x192 ./Core/Src/scope_grid.o
 .debug_info    0x00004b9c      0x250 ./Core/Src/scope_overlay.o
 .debug_info    0x00004dec      0x445 ./Core/Src/scope_wave.o
 .debug_info    0x00005231     0x1876 ./Core/Src/stm32l4xx_hal_msp.o
 .debug_info    0x00006aa7      0x3ae ./Core/Src/stm32l4xx_it.o
 .debug_info    0x00006e55      0x168 ./Core/Src/sysmem.o
 .debug_info    0x00006fbd      0x5f0 ./Core/Src/system_stm32l4xx.o
 .debug_info    0x000075ad      0x3a7 ./Core/Src/tft_port.o
 .debug_info    0x00007954       0x30 ./Core/Startup/startup_stm32l432kcux.o
 .debug_info    0x00007984      0x9e0 ./Drivers/STM32L4xx_HAL_Driver/Src/stm32l4xx_hal.o
 .debug_info    0x00008364     0x1cf0 ./Drivers/STM32L4xx_HAL_Driver/Src/stm32l4xx_hal_adc.o
 .debug_info    0x0000a054     0x180b ./Drivers/STM32L4xx_HAL_Driver/Src/stm32l4xx_hal_adc_ex.o
 .debug_info    0x0000b85f      0xd2f ./Drivers/STM32L4xx_HAL_Driver/Src/stm32l4xx_hal_cortex.o
 .debug_info    0x0000c58e      0x71a ./Drivers/STM32L4xx_HAL_Driver/Src/stm32l4xx_hal_dma.o
 .debug_info    0x0000cca8      0x79f ./Drivers/STM32L4xx_HAL_Driver/Src/stm32l4xx_hal_gpio.o
 .debug_info    0x0000d447      0x958 ./Drivers/STM32L4xx_HAL_Driver/Src/stm32l4xx_hal_pwr.o
 .debug_info    0x0000dd9f      0x94c ./Drivers/STM32L4xx_HAL_Driver/Src/stm32l4xx_hal_pwr_ex.o
 .debug_info    0x0000e6eb      0xbf4 ./Drivers/STM32L4xx_HAL_Driver/Src/stm32l4xx_hal_rcc.o
 .debug_info    0x0000f2df      0xf2c ./Drivers/STM32L4xx_HAL_Driver/Src/stm32l4xx_hal_rcc_ex.o
 .debug_info    0x0001020b     0x1572 ./Drivers/STM32L4xx_HAL_Driver/Src/stm32l4xx_hal_spi.o
 .debug_info    0x0001177d     0x2ade ./Drivers/STM32L4xx_HAL_Driver/Src/stm32l4xx_hal_tim.o
 .debug_info    0x0001425b     0x16e0 ./Drivers/STM32L4xx_HAL_Driver/Src/stm32l4xx_hal_tim_ex.o
 .debug_info    0x0001593b     0x3b9c ./Drivers/STM32L4xx_HAL_Driver/Src/stm32l4xx_hal_uart.o

.debug_abbrev   0x00000000     0x3aff
 .debug_abbrev  0x00000000      0x1fc ./Core/Src/adc_dma.o
 .debug_abbrev  0x000001fc      0x12c ./Core/Src/app_scope.o
 .debug_abbrev  0x00000328       0xb3 ./Core/Src/fonts.o
 .debug_abbrev  0x000003db      0x298 ./Core/Src/ili9341.o
 .debug_abbrev  0x00000673      0x2ca ./Core/Src/main.o
 .debug_abbrev  0x0000093d      0x209 ./Core/Src/oszi_adc.o
 .debug_abbrev  0x00000b46      0x153 ./Core/Src/oszi_channels.o
 .debug_abbrev  0x00000c99       0xdb ./Core/Src/scope_fps.o
 .debug_abbrev  0x00000d74       0xb3 ./Core/Src/scope_grid.o
 .debug_abbrev  0x00000e27      0x13c ./Core/Src/scope_overlay.o
 .debug_abbrev  0x00000f63      0x1a7 ./Core/Src/scope_wave.o
 .debug_abbrev  0x0000110a      0x259 ./Core/Src/stm32l4xx_hal_msp.o
 .debug_abbrev  0x00001363      0x198 ./Core/Src/stm32l4xx_it.o
 .debug_abbrev  0x000014fb       0xbc ./Core/Src/sysmem.o
 .debug_abbrev  0x000015b7      0x117 ./Core/Src/system_stm32l4xx.o
 .debug_abbrev  0x000016ce      0x162 ./Core/Src/tft_port.o
 .debug_abbrev  0x00001830       0x24 ./Core/Startup/startup_stm32l432kcux.o
 .debug_abbrev  0x00001854      0x226 ./Drivers/STM32L4xx_HAL_Driver/Src/stm32l4xx_hal.o
 .debug_abbrev  0x00001a7a      0x2e8 ./Drivers/STM32L4xx_HAL_Driver/Src/stm32l4xx_hal_adc.o
 .debug_abbrev  0x00001d62      0x2d7 ./Drivers/STM32L4xx_HAL_Driver/Src/stm32l4xx_hal_adc_ex.o
 .debug_abbrev  0x00002039      0x31c ./Drivers/STM32L4xx_HAL_Driver/Src/stm32l4xx_hal_cortex.o
 .debug_abbrev  0x00002355      0x1fd ./Drivers/STM32L4xx_HAL_Driver/Src/stm32l4xx_hal_dma.o
 .debug_abbrev  0x00002552      0x1d1 ./Drivers/STM32L4xx_HAL_Driver/Src/stm32l4xx_hal_gpio.o
 .debug_abbrev  0x00002723      0x1e5 ./Drivers/STM32L4xx_HAL_Driver/Src/stm32l4xx_hal_pwr.o
 .debug_abbrev  0x00002908      0x1f9 ./Drivers/STM32L4xx_HAL_Driver/Src/stm32l4xx_hal_pwr_ex.o
 .debug_abbrev  0x00002b01      0x2dc ./Drivers/STM32L4xx_HAL_Driver/Src/stm32l4xx_hal_rcc.o
 .debug_abbrev  0x00002ddd      0x2a0 ./Drivers/STM32L4xx_HAL_Driver/Src/stm32l4xx_hal_rcc_ex.o
 .debug_abbrev  0x0000307d      0x282 ./Drivers/STM32L4xx_HAL_Driver/Src/stm32l4xx_hal_spi.o
 .debug_abbrev  0x000032ff      0x289 ./Drivers/STM32L4xx_HAL_Driver/Src/stm32l4xx_hal_tim.o
 .debug_abbrev  0x00003588      0x284 ./Drivers/STM32L4xx_HAL_Driver/Src/stm32l4xx_hal_tim_ex.o
 .debug_abbrev  0x0000380c      0x2f3 ./Drivers/STM32L4xx_HAL_Driver/Src/stm32l4xx_hal_uart.o

.debug_aranges  0x00000000     0x1790
 .debug_aranges
                0x00000000       0x48 ./Core/Src/adc_dma.o
 .debug_aranges
                0x00000048       0x28 ./Core/Src/app_scope.o
 .debug_aranges
                0x00000070       0x18 ./Core/Src/fonts.o
 .debug_aranges
                0x00000088       0x88 ./Core/Src/ili9341.o
 .debug_aranges
                0x00000110       0x60 ./Core/Src/main.o
 .debug_aranges
                0x00000170       0x28 ./Core/Src/oszi_adc.o
 .debug_aranges
                0x00000198       0x50 ./Core/Src/oszi_channels.o
 .debug_aranges
                0x000001e8       0x30 ./Core/Src/scope_fps.o
 .debug_aranges
                0x00000218       0x30 ./Core/Src/scope_grid.o
 .debug_aranges
                0x00000248       0x38 ./Core/Src/scope_overlay.o
 .debug_aranges
                0x00000280       0x60 ./Core/Src/scope_wave.o
 .debug_aranges
                0x000002e0       0x68 ./Core/Src/stm32l4xx_hal_msp.o
 .debug_aranges
                0x00000348       0x68 ./Core/Src/stm32l4xx_it.o
 .debug_aranges
                0x000003b0       0x20 ./Core/Src/sysmem.o
 .debug_aranges
                0x000003d0       0x28 ./Core/Src/system_stm32l4xx.o
 .debug_aranges
                0x000003f8       0x48 ./Core/Src/tft_port.o
 .debug_aranges
                0x00000440       0x28 ./Core/Startup/startup_stm32l432kcux.o
 .debug_aranges
                0x00000468      0x108 ./Drivers/STM32L4xx_HAL_Driver/Src/stm32l4xx_hal.o
 .debug_aranges
                0x00000570      0x210 ./Drivers/STM32L4xx_HAL_Driver/Src/stm32l4xx_hal_adc.o
 .debug_aranges
                0x00000780      0x170 ./Drivers/STM32L4xx_HAL_Driver/Src/stm32l4xx_hal_adc_ex.o
 .debug_aranges
                0x000008f0      0x128 ./Drivers/STM32L4xx_HAL_Driver/Src/stm32l4xx_hal_cortex.o
 .debug_aranges
                0x00000a18       0x80 ./Drivers/STM32L4xx_HAL_Driver/Src/stm32l4xx_hal_dma.o
 .debug_aranges
                0x00000a98       0x58 ./Drivers/STM32L4xx_HAL_Driver/Src/stm32l4xx_hal_gpio.o
 .debug_aranges
                0x00000af0       0x98 ./Drivers/STM32L4xx_HAL_Driver/Src/stm32l4xx_hal_pwr.o
 .debug_aranges
                0x00000b88      0x128 ./Drivers/STM32L4xx_HAL_Driver/Src/stm32l4xx_hal_pwr_ex.o
 .debug_aranges
                0x00000cb0       0x90 ./Drivers/STM32L4xx_HAL_Driver/Src/stm32l4xx_hal_rcc.o
 .debug_aranges
                0x00000d40       0xf0 ./Drivers/STM32L4xx_HAL_Driver/Src/stm32l4xx_hal_rcc_ex.o
 .debug_aranges
                0x00000e30      0x1d8 ./Drivers/STM32L4xx_HAL_Driver/Src/stm32l4xx_hal_spi.o
 .debug_aranges
                0x00001008      0x3e0 ./Drivers/STM32L4xx_HAL_Driver/Src/stm32l4xx_hal_tim.o
 .debug_aranges
                0x000013e8      0x180 ./Drivers/STM32L4xx_HAL_Driver/Src/stm32l4xx_hal_tim_ex.o
 .debug_aranges
                0x00001568      0x228 ./Drivers/STM32L4xx_HAL_Driver/Src/stm32l4xx_hal_uart.o

.debug_rnglists
                0x00000000     0x1228
 .debug_rnglists
                0x00000000       0x31 ./Core/Src/adc_dma.o
 .debug_rnglists
                0x00000031       0x1a ./Core/Src/app_scope.o
 .debug_rnglists
                0x0000004b       0x67 ./Core/Src/ili9341.o
 .debug_rnglists
                0x000000b2       0x47 ./Core/Src/main.o
 .debug_rnglists
                0x000000f9       0x19 ./Core/Src/oszi_adc.o
 .debug_rnglists
                0x00000112       0x3a ./Core/Src/oszi_channels.o
 .debug_rnglists
                0x0000014c       0x1f ./Core/Src/scope_fps.o
 .debug_rnglists
                0x0000016b       0x20 ./Core/Src/scope_grid.o
 .debug_rnglists
                0x0000018b       0x26 ./Core/Src/scope_overlay.o
 .debug_rnglists
                0x000001b1       0x45 ./Core/Src/scope_wave.o
 .debug_rnglists
                0x000001f6       0x4c ./Core/Src/stm32l4xx_hal_msp.o
 .debug_rnglists
                0x00000242       0x49 ./Core/Src/stm32l4xx_it.o
 .debug_rnglists
                0x0000028b       0x13 ./Core/Src/sysmem.o
 .debug_rnglists
                0x0000029e       0x1a ./Core/Src/system_stm32l4xx.o
 .debug_rnglists
                0x000002b8       0x3e ./Core/Src/tft_port.o
 .debug_rnglists
                0x000002f6       0x19 ./Core/Startup/startup_stm32l432kcux.o
 .debug_rnglists
                0x0000030f       0xc1 ./Drivers/STM32L4xx_HAL_Driver/Src/stm32l4xx_hal.o
 .debug_rnglists
                0x000003d0      0x196 ./Drivers/STM32L4xx_HAL_Driver/Src/stm32l4xx_hal_adc.o
 .debug_rnglists
                0x00000566      0x11a ./Drivers/STM32L4xx_HAL_Driver/Src/stm32l4xx_hal_adc_ex.o
 .debug_rnglists
                0x00000680       0xda ./Drivers/STM32L4xx_HAL_Driver/Src/stm32l4xx_hal_cortex.o
 .debug_rnglists
                0x0000075a       0x65 ./Drivers/STM32L4xx_HAL_Driver/Src/stm32l4xx_hal_dma.o
 .debug_rnglists
                0x000007bf       0x3f ./Drivers/STM32L4xx_HAL_Driver/Src/stm32l4xx_hal_gpio.o
 .debug_rnglists
                0x000007fe       0x6e ./Drivers/STM32L4xx_HAL_Driver/Src/stm32l4xx_hal_pwr.o
 .debug_rnglists
                0x0000086c       0xdf ./Drivers/STM32L4xx_HAL_Driver/Src/stm32l4xx_hal_pwr_ex.o
 .debug_rnglists
                0x0000094b       0x6d ./Drivers/STM32L4xx_HAL_Driver/Src/stm32l4xx_hal_rcc.o
 .debug_rnglists
                0x000009b8       0xba ./Drivers/STM32L4xx_HAL_Driver/Src/stm32l4xx_hal_rcc_ex.o
 .debug_rnglists
                0x00000a72      0x178 ./Drivers/STM32L4xx_HAL_Driver/Src/stm32l4xx_hal_spi.o
 .debug_rnglists
                0x00000bea      0x32b ./Drivers/STM32L4xx_HAL_Driver/Src/stm32l4xx_hal_tim.o
 .debug_rnglists
                0x00000f15      0x139 ./Drivers/STM32L4xx_HAL_Driver/Src/stm32l4xx_hal_tim_ex.o
 .debug_rnglists
                0x0000104e      0x1da ./Drivers/STM32L4xx_HAL_Driver/Src/stm32l4xx_hal_uart.o

.debug_macro    0x00000000    0x24684
 .debug_macro   0x00000000      0x225 ./Core/Src/adc_dma.o
 .debug_macro   0x00000225      0xab4 ./Core/Src/adc_dma.o
 .debug_macro   0x00000cd9       0x22 ./Core/Src/adc_dma.o
 .debug_macro   0x00000cfb       0x8e ./Core/Src/adc_dma.o
 .debug_macro   0x00000d89       0x51 ./Core/Src/adc_dma.o
 .debug_macro   0x00000dda      0x103 ./Core/Src/adc_dma.o
 .debug_macro   0x00000edd       0x6a ./Core/Src/adc_dma.o
 .debug_macro   0x00000f47      0x1df ./Core/Src/adc_dma.o
 .debug_macro   0x00001126       0x16 ./Core/Src/adc_dma.o
 .debug_macro   0x0000113c      0x1b3 ./Core/Src/adc_dma.o
 .debug_macro   0x000012ef       0x2e ./Core/Src/adc_dma.o
 .debug_macro   0x0000131d       0x28 ./Core/Src/adc_dma.o
 .debug_macro   0x00001345       0x1c ./Core/Src/adc_dma.o
 .debug_macro   0x00001361       0x22 ./Core/Src/adc_dma.o
 .debug_macro   0x00001383       0xfb ./Core/Src/adc_dma.o
 .debug_macro   0x0000147e     0x1011 ./Core/Src/adc_dma.o
 .debug_macro   0x0000248f      0x11f ./Core/Src/adc_dma.o
 .debug_macro   0x000025ae    0x147a6 ./Core/Src/adc_dma.o
 .debug_macro   0x00016d54       0x6d ./Core/Src/adc_dma.o
 .debug_macro   0x00016dc1     0x38fb ./Core/Src/adc_dma.o
 .debug_macro   0x0001a6bc      0x189 ./Core/Src/adc_dma.o
 .debug_macro   0x0001a845       0x5c ./Core/Src/adc_dma.o
 .debug_macro   0x0001a8a1     0x11ca ./Core/Src/adc_dma.o
 .debug_macro   0x0001ba6b      0x53c ./Core/Src/adc_dma.o
 .debug_macro   0x0001bfa7      0x1b9 ./Core/Src/adc_dma.o
 .debug_macro   0x0001c160      0x122 ./Core/Src/adc_dma.o
 .debug_macro   0x0001c282      0x2c4 ./Core/Src/adc_dma.o
 .debug_macro   0x0001c546      0x27a ./Core/Src/adc_dma.o
 .debug_macro   0x0001c7c0      0x23d ./Core/Src/adc_dma.o
 .debug_macro   0x0001c9fd      0xde5 ./Core/Src/adc_dma.o
 .debug_macro   0x0001d7e2      0x61d ./Core/Src/adc_dma.o
 .debug_macro   0x0001ddff      0x241 ./Core/Src/adc_dma.o
 .debug_macro   0x0001e040      0x241 ./Core/Src/adc_dma.o
 .debug_macro   0x0001e281      0x375 ./Core/Src/adc_dma.o
 .debug_macro   0x0001e5f6       0xd6 ./Core/Src/adc_dma.o
 .debug_macro   0x0001e6cc      0x122 ./Core/Src/adc_dma.o
 .debug_macro   0x0001e7ee      0x356 ./Core/Src/adc_dma.o
 .debug_macro   0x0001eb44      0x2fe ./Core/Src/adc_dma.o
 .debug_macro   0x0001ee42      0xa98 ./Core/Src/adc_dma.o
 .debug_macro   0x0001f8da      0x12d ./Core/Src/adc_dma.o
 .debug_macro   0x0001fa07      0x5cf ./Core/Src/adc_dma.o
 .debug_macro   0x0001ffd6       0x44 ./Core/Src/adc_dma.o
 .debug_macro   0x0002001a      0x220 ./Core/Src/adc_dma.o
 .debug_macro   0x0002023a       0x88 ./Core/Src/adc_dma.o
 .debug_macro   0x000202c2       0xb1 ./Core/Src/app_scope.o
 .debug_macro   0x00020373       0x46 ./Core/Src/app_scope.o
 .debug_macro   0x000203b9       0x1c ./Core/Src/app_scope.o
 .debug_macro   0x000203d5       0x6d ./Core/Src/fonts.o
 .debug_macro   0x00020442      0x23c ./Core/Src/ili9341.o
 .debug_macro   0x0002067e       0x22 ./Core/Src/ili9341.o
 .debug_macro   0x000206a0       0xee ./Core/Src/ili9341.o
 .debug_macro   0x0002078e      0x22a ./Core/Src/main.o
 .debug_macro   0x000209b8      0x233 ./Core/Src/oszi_adc.o
 .debug_macro   0x00020beb       0xb0 ./Core/Src/oszi_channels.o
 .debug_macro   0x00020c9b      0x211 ./Core/Src/scope_fps.o
 .debug_macro   0x00020eac       0x93 ./Core/Src/scope_grid.o
 .debug_macro   0x00020f3f       0x34 ./Core/Src/scope_grid.o
 .debug_macro   0x00020f73      0x170 ./Core/Src/scope_overlay.o
 .debug_macro   0x000210e3       0x61 ./Core/Src/scope_overlay.o
 .debug_macro   0x00021144       0x2a ./Core/Src/scope_overlay.o
 .debug_macro   0x0002116e       0x43 ./Core/Src/scope_overlay.o
 .debug_macro   0x000211b1       0x34 ./Core/Src/scope_overlay.o
 .debug_macro   0x000211e5       0x16 ./Core/Src/scope_overlay.o
 .debug_macro   0x000211fb       0x9e ./Core/Src/scope_overlay.o
 .debug_macro   0x00021299      0x369 ./Core/Src/scope_overlay.o
 .debug_macro   0x00021602      0x10b ./Core/Src/scope_overlay.o
 .debug_macro   0x0002170d       0x10 ./Core/Src/scope_overlay.o
 .debug_macro   0x0002171d       0x16 ./Core/Src/scope_overlay.o
 .debug_macro   0x00021733       0x43 ./Core/Src/scope_overlay.o
 .debug_macro   0x00021776       0x34 ./Core/Src/scope_overlay.o
 .debug_macro   0x000217aa       0x10 ./Core/Src/scope_overlay.o
 .debug_macro   0x000217ba       0x58 ./Core/Src/scope_overlay.o
 .debug_macro   0x00021812       0x8e ./Core/Src/scope_overlay.o
 .debug_macro   0x000218a0       0x1c ./Core/Src/scope_overlay.o
 .debug_macro   0x000218bc      0x177 ./Core/Src/scope_overlay.o
 .debug_macro   0x00021a33       0x16 ./Core/Src/scope_overlay.o
 .debug_macro   0x00021a49       0x16 ./Core/Src/scope_overlay.o
 .debug_macro   0x00021a5f      0x146 ./Core/Src/scope_overlay.o
 .debug_macro   0x00021ba5       0x93 ./Core/Src/scope_wave.o
 .debug_macro   0x00021c38      0x216 ./Core/Src/stm32l4xx_hal_msp.o
 .debug_macro   0x00021e4e      0x220 ./Core/Src/stm32l4xx_it.o
 .debug_macro   0x0002206e       0xff ./Core/Src/sysmem.o
 .debug_macro   0x0002216d      0x23c ./Core/Src/sysmem.o
 .debug_macro   0x000223a9      0x207 ./Core/Src/system_stm32l4xx.o
 .debug_macro   0x000225b0      0x312 ./Core/Src/tft_port.o
 .debug_macro   0x000228c2      0x24f ./Drivers/STM32L4xx_HAL_Driver/Src/stm32l4xx_hal.o
 .debug_macro   0x00022b11      0x224 ./Drivers/STM32L4xx_HAL_Driver/Src/stm32l4xx_hal_adc.o
 .debug_macro   0x00022d35      0x213 ./Drivers/STM32L4xx_HAL_Driver/Src/stm32l4xx_hal_adc_ex.o
 .debug_macro   0x00022f48      0x207 ./Drivers/STM32L4xx_HAL_Driver/Src/stm32l4xx_hal_cortex.o
 .debug_macro   0x0002314f      0x207 ./Drivers/STM32L4xx_HAL_Driver/Src/stm32l4xx_hal_dma.o
 .debug_macro   0x00023356      0x20e ./Drivers/STM32L4xx_HAL_Driver/Src/stm32l4xx_hal_gpio.o
 .debug_macro   0x00023564      0x21f ./Drivers/STM32L4xx_HAL_Driver/Src/stm32l4xx_hal_pwr.o
 .debug_macro   0x00023783      0x22b ./Drivers/STM32L4xx_HAL_Driver/Src/stm32l4xx_hal_pwr_ex.o
 .debug_macro   0x000239ae      0x249 ./Drivers/STM32L4xx_HAL_Driver/Src/stm32l4xx_hal_rcc.o
 .debug_macro   0x00023bf7      0x23d ./Drivers/STM32L4xx_HAL_Driver/Src/stm32l4xx_hal_rcc_ex.o
 .debug_macro   0x00023e34      0x20f ./Drivers/STM32L4xx_HAL_Driver/Src/stm32l4xx_hal_spi.o
 .debug_macro   0x00024043      0x208 ./Drivers/STM32L4xx_HAL_Driver/Src/stm32l4xx_hal_tim.o
 .debug_macro   0x0002424b      0x207 ./Drivers/STM32L4xx_HAL_Driver/Src/stm32l4xx_hal_tim_ex.o
 .debug_macro   0x00024452      0x232 ./Drivers/STM32L4xx_HAL_Driver/Src/stm32l4xx_hal_uart.o

.debug_line     0x00000000    0x1c7c0
 .debug_line    0x00000000      0x88d ./Core/Src/adc_dma.o
 .debug_line    0x0000088d      0x521 ./Core/Src/app_scope.o
 .debug_line    0x00000dae      0x40a ./Core/Src/fonts.o
 .debug_line    0x000011b8      0xb90 ./Core/Src/ili9341.o
 .debug_line    0x00001d48      0xa99 ./Core/Src/main.o
 .debug_line    0x000027e1      0x85e ./Core/Src/oszi_adc.o
 .debug_line    0x0000303f      0x661 ./Core/Src/oszi_channels.o
 .debug_line    0x000036a0      0x81a ./Core/Src/scope_fps.o
 .debug_line    0x00003eba      0x4fe ./Core/Src/scope_grid.o
 .debug_line    0x000043b8      0x641 ./Core/Src/scope_overlay.o
 .debug_line    0x000049f9      0x6a7 ./Core/Src/scope_wave.o
 .debug_line    0x000050a0      0x987 ./Core/Src/stm32l4xx_hal_msp.o
 .debug_line    0x00005a27      0x8b0 ./Core/Src/stm32l4xx_it.o
 .debug_line    0x000062d7      0x579 ./Core/Src/sysmem.o
 .debug_line    0x00006850      0x870 ./Core/Src/system_stm32l4xx.o
 .debug_line    0x000070c0      0xa5a ./Core/Src/tft_port.o
 .debug_line    0x00007b1a       0x7a ./Core/Startup/startup_stm32l432kcux.o
 .debug_line    0x00007b94      0xb38 ./Drivers/STM32L4xx_HAL_Driver/Src/stm32l4xx_hal.o
 .debug_line    0x000086cc     0x1d7c ./Drivers/STM32L4xx_HAL_Driver/Src/stm32l4xx_hal_adc.o
 .debug_line    0x0000a448     0x15d2 ./Drivers/STM32L4xx_HAL_Driver/Src/stm32l4xx_hal_adc_ex.o
 .debug_line    0x0000ba1a      0xd94 ./Drivers/STM32L4xx_HAL_Driver/Src/stm32l4xx_hal_cortex.o
 .debug_line    0x0000c7ae      0xdab ./Drivers/STM32L4xx_HAL_Driver/Src/stm32l4xx_hal_dma.o
 .debug_line    0x0000d559      0xbda ./Drivers/STM32L4xx_HAL_Driver/Src/stm32l4xx_hal_gpio.o
 .debug_line    0x0000e133      0x9a2 ./Drivers/STM32L4xx_HAL_Driver/Src/stm32l4xx_hal_pwr.o
 .debug_line    0x0000ead5      0xcc4 ./Drivers/STM32L4xx_HAL_Driver/Src/stm32l4xx_hal_pwr_ex.o
 .debug_line    0x0000f799     0x1082 ./Drivers/STM32L4xx_HAL_Driver/Src/stm32l4xx_hal_rcc.o
 .debug_line    0x0001081b     0x13be ./Drivers/STM32L4xx_HAL_Driver/Src/stm32l4xx_hal_rcc_ex.o
 .debug_line    0x00011bd9     0x20a1 ./Drivers/STM32L4xx_HAL_Driver/Src/stm32l4xx_hal_spi.o
 .debug_line    0x00013c7a     0x3cfa ./Drivers/STM32L4xx_HAL_Driver/Src/stm32l4xx_hal_tim.o
 .debug_line    0x00017974     0x1bcc ./Drivers/STM32L4xx_HAL_Driver/Src/stm32l4xx_hal_tim_ex.o
 .debug_line    0x00019540     0x3280 ./Drivers/STM32L4xx_HAL_Driver/Src/stm32l4xx_hal_uart.o

.debug_str      0x00000000    0xdf275
 .debug_str     0x00000000    0xd4876 ./Core/Src/adc_dma.o
                              0xd4df4 (size before relaxing)
 .debug_str     0x000d4876      0x24d ./Core/Src/app_scope.o
                               0x4042 (size before relaxing)
 .debug_str     0x000d4ac3       0x73 ./Core/Src/fonts.o
                               0x3dac (size before relaxing)
 .debug_str     0x000d4b36      0x7fe ./Core/Src/ili9341.o
                              0xd524b (size before relaxing)
 .debug_str     0x000d5334      0xeb1 ./Core/Src/main.o
                              0xd5f1e (size before relaxing)
 .debug_str     0x000d61e5       0x98 ./Core/Src/oszi_adc.o
                              0xd5149 (size before relaxing)
 .debug_str     0x000d627d      0x1ed ./Core/Src/oszi_channels.o
                               0x40b4 (size before relaxing)
 .debug_str     0x000d646a       0x33 ./Core/Src/scope_fps.o
                              0xd4623 (size before relaxing)
 .debug_str     0x000d649d      0x12e ./Core/Src/scope_grid.o
                               0x3f67 (size before relaxing)
 .debug_str     0x000d65cb     0x3745 ./Core/Src/scope_overlay.o
                               0x7a73 (size before relaxing)
 .debug_str     0x000d9d10       0x79 ./Core/Src/scope_wave.o
                               0x4075 (size before relaxing)
 .debug_str     0x000d9d89      0x2be ./Core/Src/stm32l4xx_hal_msp.o
                              0xd57e5 (size before relaxing)
 .debug_str     0x000da047       0xf5 ./Core/Src/stm32l4xx_it.o
                              0xd4a96 (size before relaxing)
 .debug_str     0x000da13c      0x4dc ./Core/Src/sysmem.o
                               0x60e0 (size before relaxing)
 .debug_str     0x000da618       0xf2 ./Core/Src/system_stm32l4xx.o
                              0xd47ee (size before relaxing)
 .debug_str     0x000da70a      0x108 ./Core/Src/tft_port.o
                              0xd7f23 (size before relaxing)
 .debug_str     0x000da812       0x44 ./Core/Startup/startup_stm32l432kcux.o
                                 0x93 (size before relaxing)
 .debug_str     0x000da856      0x54b ./Drivers/STM32L4xx_HAL_Driver/Src/stm32l4xx_hal.o
                              0xd5190 (size before relaxing)
 .debug_str     0x000dada1      0x9d7 ./Drivers/STM32L4xx_HAL_Driver/Src/stm32l4xx_hal_adc.o
                              0xd55d1 (size before relaxing)
 .debug_str     0x000db778      0x568 ./Drivers/STM32L4xx_HAL_Driver/Src/stm32l4xx_hal_adc_ex.o
                              0xd53fb (size before relaxing)
 .debug_str     0x000dbce0      0x35f ./Drivers/STM32L4xx_HAL_Driver/Src/stm32l4xx_hal_cortex.o