\BOOKMARK [1][-]{section.1}{\376\377\000P\000r\000o\000b\000l\000e\000m\000s\000t\000e\000l\000l\000u\000n\000g}{}% 1
\BOOKMARK [1][-]{section.2}{\376\377\000V\000o\000r\000g\000a\000b\000e\000n}{}% 2
\BOOKMARK [1][-]{section.3}{\376\377\000A\000u\000f\000g\000a\000b\000e\000n\000s\000t\000e\000l\000l\000u\000n\000g}{}% 3
\BOOKMARK [1][-]{section.4}{\376\377\000Z\000i\000e\000l\000s\000e\000t\000z\000u\000n\000g}{}% 4
\BOOKMARK [1][-]{section.5}{\376\377\000G\000r\000u\000n\000d\000i\000d\000e\000e\000\040\000d\000e\000s\000\040\000a\000n\000a\000l\000o\000g\000e\000n\000\040\000F\000r\000o\000n\000t\000e\000n\000d\000s}{}% 5
\BOOKMARK [2][-]{subsection.5.1}{\376\377\000S\000p\000a\000n\000n\000u\000n\000g\000s\000t\000e\000i\000l\000e\000r\000\040\000u\000n\000d\000\040\000O\000f\000f\000s\000e\000t}{section.5}% 6
\BOOKMARK [2][-]{subsection.5.2}{\376\377\000A\000l\000l\000g\000e\000m\000e\000i\000n\000e\000s\000\040\000W\000i\000d\000e\000r\000s\000t\000a\000n\000d\000s\000n\000e\000t\000z\000w\000e\000r\000k}{section.5}% 7
\BOOKMARK [1][-]{section.6}{\376\377\000H\000e\000r\000l\000e\000i\000t\000u\000n\000g\000\040\000d\000e\000r\000\040\000F\000o\000r\000m\000e\000l\000n\000\040\000f\000\374\000r\000\040\000A\000\040\000u\000n\000d\000\040\000B\000\040\000\050\000H\000e\000l\000m\000h\000o\000l\000t\000z\000\051}{}% 8
\BOOKMARK [2][-]{subsection.6.1}{\376\377\000B\000e\000i\000t\000r\000a\000g\000\040\000v\000o\000n\000\040\000U\000i\000n\000:\000\040\000H\000e\000r\000l\000e\000i\000t\000u\000n\000g\000\040\000v\000o\000n\000\040\000U\000a\0001}{section.6}% 9
\BOOKMARK [2][-]{subsection.6.2}{\376\377\000B\000e\000i\000t\000r\000a\000g\000\040\000v\000o\000n\000\040\000U\000r\000e\000f\000:\000\040\000H\000e\000r\000l\000e\000i\000t\000u\000n\000g\000\040\000v\000o\000n\000\040\000U\000a\0002}{section.6}% 10
\BOOKMARK [2][-]{subsection.6.3}{\376\377\000D\000e\000f\000i\000n\000i\000t\000i\000o\000n\000\040\000d\000e\000r\000\040\000K\000o\000e\000f\000f\000i\000z\000i\000e\000n\000t\000e\000n\000\040\000A\000\040\000u\000n\000d\000\040\000B}{section.6}% 11
\BOOKMARK [1][-]{section.7}{\376\377\000A\000l\000l\000g\000e\000m\000e\000i\000n\000e\000\040\000B\000e\000r\000e\000c\000h\000n\000u\000n\000g\000\040\000v\000o\000n\000\040\000A\000\040\000u\000n\000d\000\040\000B\000\040\000a\000u\000s\000\040\000d\000e\000n\000\040\000G\000r\000e\000n\000z\000f\000\344\000l\000l\000e\000n}{}% 12
\BOOKMARK [1][-]{section.8}{\376\377\000D\000i\000m\000e\000n\000s\000i\000o\000n\000i\000e\000r\000u\000n\000g\000\040\000d\000e\000r\000\040\000W\000i\000d\000e\000r\000s\000t\000\344\000n\000d\000e\000\040\000f\000\374\000r\000\040\000d\000i\000e\000\040\000M\000e\000s\000s\000b\000e\000r\000e\000i\000c\000h\000e}{}% 13
\BOOKMARK [2][-]{subsection.8.1}{\376\377\000p\000m\0001\0000\000V\0000\040\046\0003\000,\0003\000V}{section.8}% 14
\BOOKMARK [2][-]{subsection.8.2}{\376\377\000p\000m\0003\0006\000V\0000\040\046\0003\000,\0003\000V}{section.8}% 15
\BOOKMARK [2][-]{subsection.8.3}{\376\377\000p\000m\0001\000V\0000\040\046\0001\000,\0001\000V\000\040\000\050\000m\000i\000t\000\040\000U\000r\000e\000f\000=\0003\000,\0003\000V\000\051}{section.8}% 16
\BOOKMARK [2][-]{subsection.8.4}{\376\377\000\334\000b\000e\000r\000s\000i\000c\000h\000t\000:\000\040\000E\0002\0004\000-\000R\000u\000n\000d\000u\000n\000g\000\040\000u\000n\000d\000\040\000s\000i\000m\000u\000l\000i\000e\000r\000t\000e\000\040\000A\000m\000p\000l\000i\000t\000u\000d\000e\000n}{section.8}% 17
\BOOKMARK [1][-]{section.9}{\376\377\000N\000i\000c\000h\000t\000i\000n\000v\000e\000r\000t\000i\000e\000r\000e\000n\000d\000e\000r\000\040\000V\000e\000r\000s\000t\000\344\000r\000k\000e\000r\000\040\000f\000\374\000r\000\040\000d\000e\000n\000\040\000p\000m\0001\000V\000-\000B\000e\000r\000e\000i\000c\000h}{}% 18
\BOOKMARK [1][-]{section.10}{\376\377\000I\000m\000p\000e\000d\000a\000n\000z\000w\000a\000n\000d\000l\000e\000r\000\040\000v\000o\000r\000\040\000d\000e\000m\000\040\000A\000D\000C}{}% 19
\BOOKMARK [1][-]{section.11}{\376\377\000M\000e\000i\000l\000e\000n\000s\000t\000e\000i\000n\000\040\0002\000\040\040\023\000\040\000S\000i\000m\000u\000l\000a\000t\000i\000o\000n\000\040\000u\000n\000d\000\040\000p\000r\000a\000k\000t\000i\000s\000c\000h\000e\000r\000\040\000A\000u\000f\000b\000a\000u}{}% 20
\BOOKMARK [2][-]{subsection.11.1}{\376\377\000S\000i\000m\000u\000l\000a\000t\000i\000o\000n\000s\000e\000r\000g\000e\000b\000n\000i\000s\000s\000e}{section.11}% 21
\BOOKMARK [3][-]{subsubsection.11.1.1}{\376\377\000p\000m\0003\0006\000V\000-\000B\000e\000r\000e\000i\000c\000h}{subsection.11.1}% 22
\BOOKMARK [3][-]{subsubsection.11.1.2}{\376\377\000p\000m\0001\0000\000V\000-\000B\000e\000r\000e\000i\000c\000h}{subsection.11.1}% 23
\BOOKMARK [3][-]{subsubsection.11.1.3}{\376\377\000p\000m\0001\000V\000-\000B\000e\000r\000e\000i\000c\000h\000\040\000m\000i\000t\000\040\000V\000e\000r\000s\000t\000\344\000r\000k\000e\000r}{subsection.11.1}% 24
\BOOKMARK [2][-]{subsection.11.2}{\376\377\000P\000r\000a\000k\000t\000i\000s\000c\000h\000e\000r\000\040\000A\000u\000f\000b\000a\000u\000\040\000u\000n\000d\000\040\000M\000e\000s\000s\000u\000n\000g}{section.11}% 25
\BOOKMARK [3][-]{subsubsection.11.2.1}{\376\377\000M\000e\000s\000s\000u\000n\000g\000:\000\040\000p\000m\0001\0000\000V}{subsection.11.2}% 26
\BOOKMARK [3][-]{subsubsection.11.2.2}{\376\377\000M\000e\000s\000s\000u\000n\000g\000:\000\040\000p\000m\0001\000V\000\040\000v\000o\000r\000\040\000u\000n\000d\000\040\000n\000a\000c\000h\000\040\000d\000e\000m\000\040\000V\000e\000r\000s\000t\000\344\000r\000k\000e\000r}{subsection.11.2}% 27
\BOOKMARK [3][-]{subsubsection.11.2.3}{\376\377\000M\000e\000s\000s\000u\000n\000g\000:\000\040\000p\000m\0003\0006\000V}{subsection.11.2}% 28
\BOOKMARK [2][-]{subsection.11.3}{\376\377\000V\000e\000r\000g\000l\000e\000i\000c\000h\000\040\000S\000i\000m\000u\000l\000a\000t\000i\000o\000n\000\040\000v\000s\000.\000\040\000M\000e\000s\000s\000u\000n\000g}{section.11}% 29
\BOOKMARK [2][-]{subsection.11.4}{\376\377\000F\000a\000z\000i\000t\000\040\000M\000e\000i\000l\000e\000n\000s\000t\000e\000i\000n\000\040\0002}{section.11}% 30
\BOOKMARK [1][-]{section.12}{\376\377\000M\000e\000i\000l\000e\000n\000s\000t\000e\000i\000n\000\040\0003\000\040\040\023\000\040\000S\000c\000h\000a\000l\000t\000p\000l\000a\000n\000\040\000u\000n\000d\000\040\000S\000y\000s\000t\000e\000m\000\374\000b\000e\000r\000s\000i\000c\000h\000t}{}% 31
\BOOKMARK [2][-]{subsection.12.1}{\376\377\000S\000y\000s\000t\000e\000m\000b\000l\000\366\000c\000k\000e}{section.12}% 32
\BOOKMARK [2][-]{subsection.12.2}{\376\377\000A\000n\000a\000l\000o\000g\000e\000s\000\040\000F\000r\000o\000n\000t\000e\000n\000d\000\040\040\023\000\040\000C\000h\000a\000n\000n\000e\000l\000\040\0001\000\040\000\050\000C\000H\0001\000\051}{section.12}% 33
\BOOKMARK [3][-]{subsubsection.12.2.1}{\376\377\000S\000p\000a\000n\000n\000u\000n\000g\000s\000t\000e\000i\000l\000e\000r\000\040\000u\000n\000d\000\040\000T\000a\000s\000t\000k\000o\000p\000f\000a\000b\000g\000l\000e\000i\000c\000h}{subsection.12.2}% 34
\BOOKMARK [3][-]{subsubsection.12.2.2}{\376\377\000K\000o\000a\000x\000i\000a\000l\000e\000r\000\040\000E\000i\000n\000g\000a\000n\000g}{subsection.12.2}% 35
\BOOKMARK [3][-]{subsubsection.12.2.3}{\376\377\000M\000e\000s\000s\000b\000e\000r\000e\000i\000c\000h\000-\000U\000m\000s\000c\000h\000a\000l\000t\000e\000r}{subsection.12.2}% 36
\BOOKMARK [3][-]{subsubsection.12.2.4}{\376\377\000F\000i\000l\000t\000e\000r\000\040\000u\000n\000d\000\040\000O\000P\000V\000-\000S\000t\000u\000f\000e\000n}{subsection.12.2}% 37
\BOOKMARK [3][-]{subsubsection.12.2.5}{\376\377\000S\000c\000h\000a\000l\000t\000u\000n\000g\000s\000\374\000b\000e\000r\000s\000i\000c\000h\000t\000\040\000u\000n\000d\000\040\000B\000a\000u\000t\000e\000i\000l\000e\000\040\000C\000H\0001}{subsection.12.2}% 38
\BOOKMARK [2][-]{subsection.12.3}{\376\377\000A\000n\000a\000l\000o\000g\000e\000s\000\040\000F\000r\000o\000n\000t\000e\000n\000d\000\040\040\023\000\040\000C\000h\000a\000n\000n\000e\000l\000\040\0002\000\040\000\050\000C\000H\0002\000\051}{section.12}% 39
\BOOKMARK [3][-]{subsubsection.12.3.1}{\376\377\000M\000e\000s\000s\000a\000u\000f\000b\000a\000u\000\040\000C\000H\0002}{subsection.12.3}% 40
\BOOKMARK [2][-]{subsection.12.4}{\376\377\000W\000a\000h\000l\000\040\000d\000e\000r\000\040\000A\000D\000C\000-\000P\000i\000n\000s}{section.12}% 41
\BOOKMARK [2][-]{subsection.12.5}{\376\377\000T\000a\000s\000t\000k\000o\000p\000f\000a\000b\000g\000l\000e\000i\000c\000h}{section.12}% 42
\BOOKMARK [2][-]{subsection.12.6}{\376\377\000V\000e\000r\000s\000o\000r\000g\000u\000n\000g\000s\000s\000p\000a\000n\000n\000u\000n\000g\000\040\000u\000n\000d\000\040\000S\000p\000a\000n\000n\000u\000n\000g\000s\000r\000e\000g\000l\000e\000r}{section.12}% 43
\BOOKMARK [2][-]{subsection.12.7}{\376\377\000D\000i\000s\000p\000l\000a\000y\000-\000A\000n\000s\000c\000h\000l\000u\000s\000s}{section.12}% 44
\BOOKMARK [1][-]{section.13}{\376\377\000L\000a\000y\000o\000u\000t\000-\000G\000r\000u\000n\000d\000l\000a\000g\000e\000n\000\040\000\050\000k\000u\000r\000z\000\051}{}% 45
