../Core/Inc/scope_layout.h:26:23:scope_grid_w	4	static
../Core/Inc/scope_layout.h:27:23:scope_grid_h	4	static
../Core/Src/scope_wave.c:20:16:map_y	24	static
../Core/Src/scope_wave.c:30:13:restore_grid_column	56	static
../Core/Src/scope_wave.c:50:6:ScopeWave_Init	8	static
../Core/Src/scope_wave.c:63:6:ScopeWave_SetChannelCfg	24	static
../Core/Src/scope_wave.c:69:6:ScopeWave_Reset	24	static
../Core/Src/scope_wave.c:79:6:ScopeWave_PushSample	16	static
../Core/Src/scope_wave.c:85:5:ScopeWave_RenderStep	48	static
